2026-05-25 23:06:13,891 [WARNING] __main__: VLC 检测失败: Could not find module 'D:\SOFT\ai\github\tree\baby_monitor\libvlc.dll' (or one of its dependencies). Try using the full path with constructor syntax.
2026-05-26 12:14:42,054 [INFO] api_client: 获取appkey成功
2026-05-26 12:14:42,797 [INFO] api_client: 登录成功: user_id=250887591, children=2
2026-05-26 12:14:42,809 [INFO] __main__: 选择孩子: 张书瑜, 学校: 凯乐奇贝森之家幼儿园
2026-05-26 12:14:43,942 [INFO] __main__: 获取到 32 个摄像头
2026-05-26 12:14:44,839 [INFO] api_client: 获取流地址: 视频1@DS-7832N-R2(B)(K38932817) -> ezopen://open.ys7.com/K38932817/1.live...
2026-05-26 12:14:45,626 [INFO] api_client: 获取流地址: 视频10@DS-7832N-R2(B)(K38932817) -> ezopen://open.ys7.com/K38932817/10.live...
2026-05-26 12:14:46,484 [INFO] api_client: 获取流地址: 视频11@DS-7832N-R2(B)(K38932817) -> ezopen://open.ys7.com/K38932817/11.live...
2026-05-26 12:14:47,229 [INFO] api_client: 获取流地址: 视频12@DS-7832N-R2(B)(K38932817) -> ezopen://open.ys7.com/K38932817/12.live...
2026-05-26 12:14:47,887 [INFO] api_client: 获取流地址: 视频13@DS-7832N-R2(B)(K38932817) -> ezopen://open.ys7.com/K38932817/13.live...
2026-05-26 12:14:48,597 [INFO] api_client: 获取流地址: 视频14@DS-7832N-R2(B)(K38932817) -> ezopen://open.ys7.com/K38932817/14.live...
2026-05-26 12:14:49,300 [INFO] api_client: 获取流地址: 视频15@DS-7832N-R2(B)(K38932817) -> ezopen://open.ys7.com/K38932817/15.live...
2026-05-26 12:14:50,013 [INFO] api_client: 获取流地址: 视频16@DS-7832N-R2(B)(K38932817) -> ezopen://open.ys7.com/K38932817/16.live...
2026-05-26 12:14:51,106 [INFO] api_client: 获取流地址: 视频17@DS-7832N-R2(B)(K38932817) -> ezopen://open.ys7.com/K38932817/17.live...
2026-05-26 12:14:51,810 [INFO] api_client: 获取流地址: 视频18@DS-7832N-R2(B)(K38932817) -> ezopen://open.ys7.com/K38932817/18.live...
2026-05-26 12:14:52,511 [INFO] api_client: 获取流地址: 视频19@DS-7832N-R2(B)(K38932817) -> ezopen://open.ys7.com/K38932817/19.live...
2026-05-26 12:14:53,202 [INFO] api_client: 获取流地址: 视频2@DS-7832N-R2(B)(K38932817) -> ezopen://open.ys7.com/K38932817/2.live...
2026-05-26 12:14:53,931 [INFO] api_client: 获取流地址: 视频20@DS-7832N-R2(B)(K38932817) -> ezopen://open.ys7.com/K38932817/20.live...
2026-05-26 12:14:54,607 [INFO] api_client: 获取流地址: 视频21@DS-7832N-R2(B)(K38932817) -> ezopen://open.ys7.com/K38932817/21.live...
2026-05-26 12:14:55,320 [INFO] api_client: 获取流地址: 视频22@DS-7832N-R2(B)(K38932817) -> ezopen://open.ys7.com/K38932817/22.live...
2026-05-26 12:14:56,033 [INFO] api_client: 获取流地址: 视频23@DS-7832N-R2(B)(K38932817) -> ezopen://open.ys7.com/K38932817/23.live...
2026-05-26 12:14:56,712 [INFO] api_client: 获取流地址: 视频24@DS-7832N-R2(B)(K38932817) -> ezopen://open.ys7.com/K38932817/24.live...
2026-05-26 12:14:57,438 [INFO] api_client: 获取流地址: 视频25@DS-7832N-R2(B)(K38932817) -> ezopen://open.ys7.com/K38932817/25.live...
2026-05-26 12:14:58,202 [INFO] api_client: 获取流地址: 视频26@DS-7832N-R2(B)(K38932817) -> ezopen://open.ys7.com/K38932817/26.live...
2026-05-26 12:14:58,849 [INFO] api_client: 获取流地址: 视频27@DS-7832N-R2(B)(K38932817) -> ezopen://open.ys7.com/K38932817/27.live...
2026-05-26 12:14:59,538 [INFO] api_client: 获取流地址: 视频28@DS-7832N-R2(B)(K38932817) -> ezopen://open.ys7.com/K38932817/28.live...
2026-05-26 12:15:00,199 [INFO] api_client: 获取流地址: 视频29@DS-7832N-R2(B)(K38932817) -> ezopen://open.ys7.com/K38932817/29.live...
2026-05-26 12:15:00,915 [INFO] api_client: 获取流地址: 视频3@DS-7832N-R2(B)(K38932817) -> ezopen://open.ys7.com/K38932817/3.live...
2026-05-26 12:15:01,607 [INFO] api_client: 获取流地址: 视频30@DS-7832N-R2(B)(K38932817) -> ezopen://open.ys7.com/K38932817/30.live...
2026-05-26 12:15:02,351 [INFO] api_client: 获取流地址: 视频31@DS-7832N-R2(B)(K38932817) -> ezopen://open.ys7.com/K38932817/31.live...
2026-05-26 12:15:03,112 [INFO] api_client: 获取流地址: 视频32@DS-7832N-R2(B)(K38932817) -> ezopen://open.ys7.com/K38932817/32.live...
2026-05-26 12:15:03,949 [INFO] api_client: 获取流地址: 视频4@DS-7832N-R2(B)(K38932817) -> ezopen://open.ys7.com/K38932817/4.live...
2026-05-26 12:15:04,636 [INFO] api_client: 获取流地址: 视频5@DS-7832N-R2(B)(K38932817) -> ezopen://open.ys7.com/K38932817/5.live...
2026-05-26 12:15:05,319 [INFO] api_client: 获取流地址: K4b -> ezopen://open.ys7.com/K38932817/6.live...
2026-05-26 12:15:06,031 [INFO] api_client: 获取流地址: 视频7@DS-7832N-R2(B)(K38932817) -> ezopen://open.ys7.com/K38932817/7.live...
2026-05-26 12:15:06,704 [INFO] api_client: 获取流地址: 视频8@DS-7832N-R2(B)(K38932817) -> ezopen://open.ys7.com/K38932817/8.live...
2026-05-26 12:15:07,384 [INFO] api_client: 获取流地址: 视频9@DS-7832N-R2(B)(K38932817) -> ezopen://open.ys7.com/K38932817/9.live...
2026-05-26 12:15:07,384 [INFO] __main__: 获取到 32 个视频流地址
2026-05-26 12:15:14,324 [WARNING] video_widget: VLC不可用
2026-05-26 12:15:17,004 [WARNING] video_widget: VLC不可用
2026-05-26 12:15:17,824 [WARNING] video_widget: VLC不可用
2026-05-26 12:15:18,304 [WARNING] video_widget: VLC不可用
2026-05-26 12:15:18,566 [WARNING] video_widget: VLC不可用
2026-05-26 12:15:18,884 [WARNING] video_widget: VLC不可用
2026-05-26 12:15:19,134 [WARNING] video_widget: VLC不可用
2026-05-26 12:24:26,655 [INFO] vlc_setup: 未检测到 64 位 VLC，开始自动下载...
2026-05-26 12:24:26,656 [INFO] vlc_setup: 正在下载: https://download.videolan.org/pub/videolan/vlc/3.0.21/win64/vlc-3.0.21-win64.zip
2026-05-26 12:30:51,631 [INFO] api_client: 获取appkey成功
2026-05-26 12:30:52,218 [INFO] api_client: 登录成功: user_id=250887591, children=2
2026-05-26 12:30:52,227 [INFO] __main__: 选择孩子: 张书瑜, 学校: 凯乐奇贝森之家幼儿园
2026-05-26 12:30:53,679 [INFO] __main__: 获取到 32 个摄像头
2026-05-26 12:30:54,537 [INFO] api_client: 获取流地址: 视频1@DS-7832N-R2(B)(K38932817) -> ezopen://open.ys7.com/K38932817/1.live...
2026-05-26 12:30:55,294 [INFO] api_client: 获取流地址: 视频10@DS-7832N-R2(B)(K38932817) -> ezopen://open.ys7.com/K38932817/10.live...
2026-05-26 12:30:55,946 [INFO] api_client: 获取流地址: 视频11@DS-7832N-R2(B)(K38932817) -> ezopen://open.ys7.com/K38932817/11.live...
2026-05-26 12:30:56,601 [INFO] api_client: 获取流地址: 视频12@DS-7832N-R2(B)(K38932817) -> ezopen://open.ys7.com/K38932817/12.live...
2026-05-26 12:30:57,477 [INFO] api_client: 获取流地址: 视频13@DS-7832N-R2(B)(K38932817) -> ezopen://open.ys7.com/K38932817/13.live...
2026-05-26 12:30:58,115 [INFO] api_client: 获取流地址: 视频14@DS-7832N-R2(B)(K38932817) -> ezopen://open.ys7.com/K38932817/14.live...
2026-05-26 12:30:58,806 [INFO] api_client: 获取流地址: 视频15@DS-7832N-R2(B)(K38932817) -> ezopen://open.ys7.com/K38932817/15.live...
2026-05-26 12:30:59,654 [INFO] api_client: 获取流地址: 视频16@DS-7832N-R2(B)(K38932817) -> ezopen://open.ys7.com/K38932817/16.live...
2026-05-26 12:31:00,340 [INFO] api_client: 获取流地址: 视频17@DS-7832N-R2(B)(K38932817) -> ezopen://open.ys7.com/K38932817/17.live...
2026-05-26 12:31:01,057 [INFO] api_client: 获取流地址: 视频18@DS-7832N-R2(B)(K38932817) -> ezopen://open.ys7.com/K38932817/18.live...
2026-05-26 12:31:01,739 [INFO] api_client: 获取流地址: 视频19@DS-7832N-R2(B)(K38932817) -> ezopen://open.ys7.com/K38932817/19.live...
2026-05-26 12:31:02,477 [INFO] api_client: 获取流地址: 视频2@DS-7832N-R2(B)(K38932817) -> ezopen://open.ys7.com/K38932817/2.live...
2026-05-26 12:31:03,165 [INFO] api_client: 获取流地址: 视频20@DS-7832N-R2(B)(K38932817) -> ezopen://open.ys7.com/K38932817/20.live...
2026-05-26 12:31:03,899 [INFO] api_client: 获取流地址: 视频21@DS-7832N-R2(B)(K38932817) -> ezopen://open.ys7.com/K38932817/21.live...
2026-05-26 12:31:04,561 [INFO] api_client: 获取流地址: 视频22@DS-7832N-R2(B)(K38932817) -> ezopen://open.ys7.com/K38932817/22.live...
2026-05-26 12:31:05,308 [INFO] api_client: 获取流地址: 视频23@DS-7832N-R2(B)(K38932817) -> ezopen://open.ys7.com/K38932817/23.live...
2026-05-26 12:31:06,243 [INFO] api_client: 获取流地址: 视频24@DS-7832N-R2(B)(K38932817) -> ezopen://open.ys7.com/K38932817/24.live...
2026-05-26 12:31:06,921 [INFO] api_client: 获取流地址: 视频25@DS-7832N-R2(B)(K38932817) -> ezopen://open.ys7.com/K38932817/25.live...
2026-05-26 12:31:07,847 [INFO] api_client: 获取流地址: 视频26@DS-7832N-R2(B)(K38932817) -> ezopen://open.ys7.com/K38932817/26.live...
2026-05-26 12:31:08,556 [INFO] api_client: 获取流地址: 视频27@DS-7832N-R2(B)(K38932817) -> ezopen://open.ys7.com/K38932817/27.live...
2026-05-26 12:31:09,213 [INFO] api_client: 获取流地址: 视频28@DS-7832N-R2(B)(K38932817) -> ezopen://open.ys7.com/K38932817/28.live...
2026-05-26 12:31:10,011 [INFO] api_client: 获取流地址: 视频29@DS-7832N-R2(B)(K38932817) -> ezopen://open.ys7.com/K38932817/29.live...
2026-05-26 12:31:10,639 [INFO] api_client: 获取流地址: 视频3@DS-7832N-R2(B)(K38932817) -> ezopen://open.ys7.com/K38932817/3.live...
2026-05-26 12:31:11,432 [INFO] api_client: 获取流地址: 视频30@DS-7832N-R2(B)(K38932817) -> ezopen://open.ys7.com/K38932817/30.live...
2026-05-26 12:31:12,095 [INFO] api_client: 获取流地址: 视频31@DS-7832N-R2(B)(K38932817) -> ezopen://open.ys7.com/K38932817/31.live...
2026-05-26 12:31:12,771 [INFO] api_client: 获取流地址: 视频32@DS-7832N-R2(B)(K38932817) -> ezopen://open.ys7.com/K38932817/32.live...
2026-05-26 12:31:13,455 [INFO] api_client: 获取流地址: 视频4@DS-7832N-R2(B)(K38932817) -> ezopen://open.ys7.com/K38932817/4.live...
2026-05-26 12:31:14,134 [INFO] api_client: 获取流地址: 视频5@DS-7832N-R2(B)(K38932817) -> ezopen://open.ys7.com/K38932817/5.live...
2026-05-26 12:31:14,966 [INFO] api_client: 获取流地址: K4b -> ezopen://open.ys7.com/K38932817/6.live...
2026-05-26 12:31:15,613 [INFO] api_client: 获取流地址: 视频7@DS-7832N-R2(B)(K38932817) -> ezopen://open.ys7.com/K38932817/7.live...
2026-05-26 12:31:16,266 [INFO] api_client: 获取流地址: 视频8@DS-7832N-R2(B)(K38932817) -> ezopen://open.ys7.com/K38932817/8.live...
2026-05-26 12:31:16,937 [INFO] api_client: 获取流地址: 视频9@DS-7832N-R2(B)(K38932817) -> ezopen://open.ys7.com/K38932817/9.live...
2026-05-26 12:31:16,937 [INFO] __main__: 获取到 32 个视频流地址
2026-05-26 12:31:53,784 [INFO] video_widget: 开始播放: 视频1@DS-7832N-R2(B)(K38932817)
2026-05-26 12:31:55,754 [INFO] video_widget: 开始播放: 视频10@DS-7832N-R2(B)(K38932817)
2026-05-26 12:31:56,824 [INFO] video_widget: 开始播放: 视频11@DS-7832N-R2(B)(K38932817)
2026-05-26 12:31:57,854 [INFO] video_widget: 开始播放: 视频14@DS-7832N-R2(B)(K38932817)
2026-05-26 12:32:02,566 [INFO] video_widget: 开始播放: 视频1@DS-7832N-R2(B)(K38932817)
2026-05-26 12:32:02,569 [INFO] video_widget: 开始播放: 视频10@DS-7832N-R2(B)(K38932817)
2026-05-26 12:32:02,570 [INFO] video_widget: 开始播放: 视频11@DS-7832N-R2(B)(K38932817)
2026-05-26 12:32:02,582 [INFO] video_widget: 开始播放: 视频12@DS-7832N-R2(B)(K38932817)
2026-05-26 12:32:02,596 [INFO] video_widget: 开始播放: 视频13@DS-7832N-R2(B)(K38932817)
2026-05-26 12:32:02,598 [INFO] video_widget: 开始播放: 视频14@DS-7832N-R2(B)(K38932817)
2026-05-26 12:36:15,107 [INFO] api_client: 获取appkey成功
2026-05-26 12:36:15,713 [INFO] api_client: 登录成功: user_id=250887591, children=2
2026-05-26 12:36:15,721 [INFO] __main__: 选择孩子: 张书瑜, 学校: 凯乐奇贝森之家幼儿园
2026-05-26 12:36:21,467 [INFO] __main__: 获取到 0 个摄像头
2026-05-26 12:36:37,655 [WARNING] video_widget: 无视频流地址
2026-05-26 12:36:38,485 [WARNING] video_widget: 无视频流地址
2026-05-26 12:41:54,169 [INFO] api_client: 获取appkey成功
2026-05-26 12:41:54,782 [INFO] api_client: 登录成功: user_id=250887591, children=2
2026-05-26 12:41:54,790 [INFO] __main__: children数据: [{'attendance_type': 0, 'avatar': '', 'birthday': '2026-05-23', 'call': '亲属', 'child_id': 241953789, 'class_id': 213894398, 'class_name': '虚拟学校4122虚拟班级7', 'class_pic': '', 'isSimpleVersion': 0, 'is_graduation': 0, 'is_invite': False, 'is_member': 0, 'is_vip': False, 'jump2page': 0, 'member_end_date': '1970-01-01', 'name': '宝宝', 'school_app_type': 0, 'school_id': 203215745, 'school_name': '虚拟学校4122', 'sex': 1, 'style': 2, 'subtype': 42, 'user_type': 2}, {'attendance_type': 1, 'avatar': '', 'birthday': '2026-05-24', 'call': '爸爸', 'child_id': 241954492, 'class_id': 213875324, 'class_name': 'K1b', 'class_pic': '', 'isSimpleVersion': 0, 'is_graduation': 0, 'is_invite': True, 'is_member': 0, 'is_vip': False, 'jump2page': 0, 'member_end_date': '1970-01-01', 'name': '张书瑜', 'school_app_type': 0, 'school_id': 203152785, 'school_name': '凯乐奇贝森之家幼儿园', 'sex': 1, 'style': 1, 'subtype': 4, 'user_type': 1}]
2026-05-26 12:41:54,792 [INFO] __main__: 选择孩子: 张书瑜, 学校: 凯乐奇贝森之家幼儿园, school_id: 203152785
2026-05-26 12:41:54,793 [INFO] api_client: 请求摄像头列表: school_id=203152785, url=https://hxg.api.myenglish.com.cn/api/v4/Video/GetVideoCameraListByZhsSchoolId
2026-05-26 12:41:55,439 [INFO] api_client: 摄像头API响应: Code=0, Data长度=32
2026-05-26 12:41:55,440 [INFO] __main__: 获取到 32 个摄像头
2026-05-26 12:41:56,227 [INFO] api_client: 获取流地址: 视频1@DS-7832N-R2(B)(K38932817) -> ezopen://open.ys7.com/K38932817/1.live...
2026-05-26 12:41:56,889 [INFO] api_client: 获取流地址: 视频10@DS-7832N-R2(B)(K38932817) -> ezopen://open.ys7.com/K38932817/10.live...
2026-05-26 12:41:57,571 [INFO] api_client: 获取流地址: 视频11@DS-7832N-R2(B)(K38932817) -> ezopen://open.ys7.com/K38932817/11.live...
2026-05-26 12:41:58,275 [INFO] api_client: 获取流地址: 视频12@DS-7832N-R2(B)(K38932817) -> ezopen://open.ys7.com/K38932817/12.live...
2026-05-26 12:41:58,940 [INFO] api_client: 获取流地址: 视频13@DS-7832N-R2(B)(K38932817) -> ezopen://open.ys7.com/K38932817/13.live...
2026-05-26 12:41:59,651 [INFO] api_client: 获取流地址: 视频14@DS-7832N-R2(B)(K38932817) -> ezopen://open.ys7.com/K38932817/14.live...
2026-05-26 12:42:00,343 [INFO] api_client: 获取流地址: 视频15@DS-7832N-R2(B)(K38932817) -> ezopen://open.ys7.com/K38932817/15.live...
2026-05-26 12:42:01,228 [INFO] api_client: 获取流地址: 视频16@DS-7832N-R2(B)(K38932817) -> ezopen://open.ys7.com/K38932817/16.live...
2026-05-26 12:42:02,033 [INFO] api_client: 获取流地址: 视频17@DS-7832N-R2(B)(K38932817) -> ezopen://open.ys7.com/K38932817/17.live...
2026-05-26 12:42:02,742 [INFO] api_client: 获取流地址: 视频18@DS-7832N-R2(B)(K38932817) -> ezopen://open.ys7.com/K38932817/18.live...
2026-05-26 12:42:03,414 [INFO] api_client: 获取流地址: 视频19@DS-7832N-R2(B)(K38932817) -> ezopen://open.ys7.com/K38932817/19.live...
2026-05-26 12:42:04,084 [INFO] api_client: 获取流地址: 视频2@DS-7832N-R2(B)(K38932817) -> ezopen://open.ys7.com/K38932817/2.live...
2026-05-26 12:42:04,819 [INFO] api_client: 获取流地址: 视频20@DS-7832N-R2(B)(K38932817) -> ezopen://open.ys7.com/K38932817/20.live...
2026-05-26 12:42:05,526 [INFO] api_client: 获取流地址: 视频21@DS-7832N-R2(B)(K38932817) -> ezopen://open.ys7.com/K38932817/21.live...
2026-05-26 12:42:06,230 [INFO] api_client: 获取流地址: 视频22@DS-7832N-R2(B)(K38932817) -> ezopen://open.ys7.com/K38932817/22.live...
2026-05-26 12:42:07,066 [INFO] api_client: 获取流地址: 视频23@DS-7832N-R2(B)(K38932817) -> ezopen://open.ys7.com/K38932817/23.live...
2026-05-26 12:42:07,761 [INFO] api_client: 获取流地址: 视频24@DS-7832N-R2(B)(K38932817) -> ezopen://open.ys7.com/K38932817/24.live...
2026-05-26 12:42:08,488 [INFO] api_client: 获取流地址: 视频25@DS-7832N-R2(B)(K38932817) -> ezopen://open.ys7.com/K38932817/25.live...
2026-05-26 12:42:09,170 [INFO] api_client: 获取流地址: 视频26@DS-7832N-R2(B)(K38932817) -> ezopen://open.ys7.com/K38932817/26.live...
2026-05-26 12:42:10,004 [INFO] api_client: 获取流地址: 视频27@DS-7832N-R2(B)(K38932817) -> ezopen://open.ys7.com/K38932817/27.live...
2026-05-26 12:42:10,678 [INFO] api_client: 获取流地址: 视频28@DS-7832N-R2(B)(K38932817) -> ezopen://open.ys7.com/K38932817/28.live...
2026-05-26 12:42:11,408 [INFO] api_client: 获取流地址: 视频29@DS-7832N-R2(B)(K38932817) -> ezopen://open.ys7.com/K38932817/29.live...
2026-05-26 12:42:13,429 [INFO] api_client: 获取流地址: 视频3@DS-7832N-R2(B)(K38932817) -> ezopen://open.ys7.com/K38932817/3.live...
2026-05-26 12:42:14,232 [INFO] api_client: 获取流地址: 视频30@DS-7832N-R2(B)(K38932817) -> ezopen://open.ys7.com/K38932817/30.live...
2026-05-26 12:42:14,921 [INFO] api_client: 获取流地址: 视频31@DS-7832N-R2(B)(K38932817) -> ezopen://open.ys7.com/K38932817/31.live...
2026-05-26 12:42:15,627 [INFO] api_client: 获取流地址: 视频32@DS-7832N-R2(B)(K38932817) -> ezopen://open.ys7.com/K38932817/32.live...
2026-05-26 12:42:16,311 [INFO] api_client: 获取流地址: 视频4@DS-7832N-R2(B)(K38932817) -> ezopen://open.ys7.com/K38932817/4.live...
2026-05-26 12:42:17,027 [INFO] api_client: 获取流地址: 视频5@DS-7832N-R2(B)(K38932817) -> ezopen://open.ys7.com/K38932817/5.live...
2026-05-26 12:42:17,748 [INFO] api_client: 获取流地址: K4b -> ezopen://open.ys7.com/K38932817/6.live...
2026-05-26 12:42:18,789 [INFO] api_client: 获取流地址: 视频7@DS-7832N-R2(B)(K38932817) -> ezopen://open.ys7.com/K38932817/7.live...
2026-05-26 12:42:19,499 [INFO] api_client: 获取流地址: 视频8@DS-7832N-R2(B)(K38932817) -> ezopen://open.ys7.com/K38932817/8.live...
2026-05-26 12:42:20,243 [INFO] api_client: 获取流地址: 视频9@DS-7832N-R2(B)(K38932817) -> ezopen://open.ys7.com/K38932817/9.live...
2026-05-26 12:42:20,243 [INFO] __main__: 获取到 32 个视频流地址
2026-05-26 12:42:45,818 [INFO] video_widget: 开始播放: K4b
2026-05-26 12:42:49,547 [INFO] video_widget: 开始播放: 视频5@DS-7832N-R2(B)(K38932817)
2026-05-26 12:42:55,817 [INFO] video_widget: 开始播放: 视频27@DS-7832N-R2(B)(K38932817)
2026-05-26 12:43:02,547 [INFO] video_widget: 开始播放: 视频27@DS-7832N-R2(B)(K38932817)
2026-05-26 12:43:32,474 [INFO] video_widget: 开始播放: 视频32@DS-7832N-R2(B)(K38932817)
2026-05-26 12:43:33,307 [INFO] video_widget: 开始播放: 视频31@DS-7832N-R2(B)(K38932817)
2026-05-26 12:43:33,977 [INFO] video_widget: 开始播放: 视频30@DS-7832N-R2(B)(K38932817)
2026-05-26 12:43:47,047 [INFO] video_widget: 开始播放: 视频22@DS-7832N-R2(B)(K38932817)
2026-05-26 12:43:49,377 [INFO] video_widget: 开始播放: 视频22@DS-7832N-R2(B)(K38932817)
2026-05-26 12:43:49,825 [INFO] video_widget: 开始播放: 视频22@DS-7832N-R2(B)(K38932817)
2026-05-26 12:43:52,877 [INFO] video_widget: 开始播放: 视频22@DS-7832N-R2(B)(K38932817)
2026-05-26 12:43:53,867 [INFO] video_widget: 开始播放: 视频22@DS-7832N-R2(B)(K38932817)
2026-05-26 12:44:00,258 [INFO] video_widget: 开始播放: 视频23@DS-7832N-R2(B)(K38932817)
2026-05-26 12:44:08,886 [INFO] video_widget: 开始播放: 视频27@DS-7832N-R2(B)(K38932817)
2026-05-26 12:44:12,367 [INFO] video_widget: 开始播放: 视频31@DS-7832N-R2(B)(K38932817)
2026-05-26 12:47:57,973 [INFO] api_client: 获取appkey成功
2026-05-26 12:47:58,604 [INFO] api_client: 登录成功: user_id=250887591, children=2
2026-05-26 12:47:58,612 [INFO] __main__: children数据: [{'attendance_type': 0, 'avatar': '', 'birthday': '2026-05-23', 'call': '亲属', 'child_id': 241953789, 'class_id': 213894398, 'class_name': '虚拟学校4122虚拟班级7', 'class_pic': '', 'isSimpleVersion': 0, 'is_graduation': 0, 'is_invite': False, 'is_member': 0, 'is_vip': False, 'jump2page': 0, 'member_end_date': '1970-01-01', 'name': '宝宝', 'school_app_type': 0, 'school_id': 203215745, 'school_name': '虚拟学校4122', 'sex': 1, 'style': 2, 'subtype': 42, 'user_type': 2}, {'attendance_type': 1, 'avatar': '', 'birthday': '2026-05-24', 'call': '爸爸', 'child_id': 241954492, 'class_id': 213875324, 'class_name': 'K1b', 'class_pic': '', 'isSimpleVersion': 0, 'is_graduation': 0, 'is_invite': True, 'is_member': 0, 'is_vip': False, 'jump2page': 0, 'member_end_date': '1970-01-01', 'name': '张书瑜', 'school_app_type': 0, 'school_id': 203152785, 'school_name': '凯乐奇贝森之家幼儿园', 'sex': 1, 'style': 1, 'subtype': 4, 'user_type': 1}]
2026-05-26 12:47:58,612 [INFO] __main__: 选择孩子: 张书瑜, 学校: 凯乐奇贝森之家幼儿园, school_id: 203152785
2026-05-26 12:47:58,613 [INFO] api_client: 请求摄像头列表: school_id=203152785, url=https://hxg.api.myenglish.com.cn/api/v4/Video/GetVideoCameraListByZhsSchoolId
2026-05-26 12:47:59,577 [INFO] api_client: 摄像头API响应: Code=0, Data长度=32
2026-05-26 12:47:59,579 [INFO] __main__: 获取到 32 个摄像头
2026-05-26 12:48:01,903 [INFO] __main__: 有权限摄像头: 6/32
2026-05-26 12:48:02,747 [INFO] api_client: 获取流地址: 视频11@DS-7832N-R2(B)(K38932817) -> https://open.ys7.com/v3/openlive/K38932817_11_2.m3u8?expire=...
2026-05-26 12:48:03,649 [INFO] api_client: 获取流地址: 视频19@DS-7832N-R2(B)(K38932817) -> https://open.ys7.com/v3/openlive/K38932817_19_2.m3u8?expire=...
2026-05-26 12:48:04,370 [INFO] api_client: 获取流地址: 视频22@DS-7832N-R2(B)(K38932817) -> https://open.ys7.com/v3/openlive/K38932817_22_2.m3u8?expire=...
2026-05-26 12:48:05,065 [INFO] api_client: 获取流地址: 视频27@DS-7832N-R2(B)(K38932817) -> https://open.ys7.com/v3/openlive/K38932817_27_2.m3u8?expire=...
2026-05-26 12:48:05,819 [INFO] api_client: 获取流地址: 视频29@DS-7832N-R2(B)(K38932817) -> https://open.ys7.com/v3/openlive/K38932817_29_2.m3u8?expire=...
2026-05-26 12:48:06,531 [INFO] api_client: 获取流地址: 视频30@DS-7832N-R2(B)(K38932817) -> https://open.ys7.com/v3/openlive/K38932817_30_2.m3u8?expire=...
2026-05-26 12:48:06,531 [INFO] __main__: 获取到 6 个视频流地址
2026-05-26 12:48:11,595 [INFO] video_widget: 开始播放: 视频11@DS-7832N-R2(B)(K38932817)
2026-05-26 12:51:34,792 [INFO] api_client: 获取appkey成功
2026-05-26 12:51:35,433 [INFO] api_client: 登录成功: user_id=250887591, children=2
2026-05-26 12:51:35,443 [INFO] __main__: children数据: [{'attendance_type': 0, 'avatar': '', 'birthday': '2026-05-23', 'call': '亲属', 'child_id': 241953789, 'class_id': 213894398, 'class_name': '虚拟学校4122虚拟班级7', 'class_pic': '', 'isSimpleVersion': 0, 'is_graduation': 0, 'is_invite': False, 'is_member': 0, 'is_vip': False, 'jump2page': 0, 'member_end_date': '1970-01-01', 'name': '宝宝', 'school_app_type': 0, 'school_id': 203215745, 'school_name': '虚拟学校4122', 'sex': 1, 'style': 2, 'subtype': 42, 'user_type': 2}, {'attendance_type': 1, 'avatar': '', 'birthday': '2026-05-24', 'call': '爸爸', 'child_id': 241954492, 'class_id': 213875324, 'class_name': 'K1b', 'class_pic': '', 'isSimpleVersion': 0, 'is_graduation': 0, 'is_invite': True, 'is_member': 0, 'is_vip': False, 'jump2page': 0, 'member_end_date': '1970-01-01', 'name': '张书瑜', 'school_app_type': 0, 'school_id': 203152785, 'school_name': '凯乐奇贝森之家幼儿园', 'sex': 1, 'style': 1, 'subtype': 4, 'user_type': 1}]
2026-05-26 12:51:35,443 [INFO] __main__: 选择孩子: 张书瑜, 学校: 凯乐奇贝森之家幼儿园, school_id: 203152785
2026-05-26 12:51:35,444 [INFO] api_client: 请求摄像头列表: school_id=203152785, url=https://hxg.api.myenglish.com.cn/api/v4/Video/GetVideoCameraListByZhsSchoolId
2026-05-26 12:51:36,433 [INFO] api_client: 摄像头API响应: Code=0, Data长度=32
2026-05-26 12:51:36,435 [INFO] __main__: 获取到 32 个摄像头
2026-05-26 12:51:38,754 [INFO] __main__: 有权限摄像头: 6/32
2026-05-26 12:51:39,711 [INFO] api_client: 获取流地址: 视频11@DS-7832N-R2(B)(K38932817) -> https://open.ys7.com/v3/openlive/K38932817_11_1.m3u8?expire=...
2026-05-26 12:51:40,432 [INFO] api_client: 获取流地址: 视频19@DS-7832N-R2(B)(K38932817) -> https://open.ys7.com/v3/openlive/K38932817_19_1.m3u8?expire=...
2026-05-26 12:51:41,159 [INFO] api_client: 获取流地址: 视频22@DS-7832N-R2(B)(K38932817) -> https://open.ys7.com/v3/openlive/K38932817_22_1.m3u8?expire=...
2026-05-26 12:51:41,989 [INFO] api_client: 获取流地址: 视频27@DS-7832N-R2(B)(K38932817) -> https://open.ys7.com/v3/openlive/K38932817_27_1.m3u8?expire=...
2026-05-26 12:51:42,699 [INFO] api_client: 获取流地址: 视频29@DS-7832N-R2(B)(K38932817) -> https://open.ys7.com/v3/openlive/K38932817_29_1.m3u8?expire=...
2026-05-26 12:51:43,482 [INFO] api_client: 获取流地址: 视频30@DS-7832N-R2(B)(K38932817) -> https://open.ys7.com/v3/openlive/K38932817_30_1.m3u8?expire=...
2026-05-26 12:51:43,483 [INFO] __main__: 获取到 6 个视频流地址
2026-05-26 12:51:45,427 [INFO] video_widget: 开始播放: 视频11@DS-7832N-R2(B)(K38932817)
2026-05-26 12:51:48,206 [INFO] video_widget: 开始播放: 视频19@DS-7832N-R2(B)(K38932817)
2026-05-26 12:51:51,306 [INFO] video_widget: 开始播放: 视频22@DS-7832N-R2(B)(K38932817)
2026-05-26 14:58:47,704 [INFO] api_client: 获取appkey成功
2026-05-26 14:58:48,338 [INFO] api_client: 登录成功: user_id=250887591, children=2
2026-05-26 14:58:48,347 [INFO] __main__: children数据: [{'attendance_type': 0, 'avatar': '', 'birthday': '2026-05-23', 'call': '亲属', 'child_id': 241953789, 'class_id': 213894398, 'class_name': '虚拟学校4122虚拟班级7', 'class_pic': '', 'isSimpleVersion': 0, 'is_graduation': 0, 'is_invite': False, 'is_member': 0, 'is_vip': False, 'jump2page': 0, 'member_end_date': '1970-01-01', 'name': '宝宝', 'school_app_type': 0, 'school_id': 203215745, 'school_name': '虚拟学校4122', 'sex': 1, 'style': 2, 'subtype': 42, 'user_type': 2}, {'attendance_type': 1, 'avatar': '', 'birthday': '2026-05-24', 'call': '爸爸', 'child_id': 241954492, 'class_id': 213875324, 'class_name': 'K1b', 'class_pic': '', 'isSimpleVersion': 0, 'is_graduation': 0, 'is_invite': True, 'is_member': 0, 'is_vip': False, 'jump2page': 0, 'member_end_date': '1970-01-01', 'name': '张书瑜', 'school_app_type': 0, 'school_id': 203152785, 'school_name': '凯乐奇贝森之家幼儿园', 'sex': 1, 'style': 1, 'subtype': 4, 'user_type': 1}]
2026-05-26 14:58:48,348 [INFO] __main__: 选择孩子: 张书瑜, 学校: 凯乐奇贝森之家幼儿园, school_id: 203152785
2026-05-26 14:58:48,348 [INFO] api_client: 请求摄像头列表: school_id=203152785, url=https://hxg.api.myenglish.com.cn/api/v4/Video/GetVideoCameraListByZhsSchoolId
2026-05-26 14:58:49,438 [INFO] api_client: 摄像头API响应: Code=0, Data长度=32
2026-05-26 14:58:49,439 [INFO] __main__: 获取到 32 个摄像头
2026-05-26 14:58:51,517 [INFO] __main__: 有权限摄像头: 6/32
2026-05-26 14:58:52,393 [INFO] api_client: 获取流地址: 视频11@DS-7832N-R2(B)(K38932817) -> rtmp://rtmp17open.ys7.com:1935/v3/openlive/K38932817_11_2?ex...
2026-05-26 14:58:53,549 [INFO] api_client: 获取流地址: 视频19@DS-7832N-R2(B)(K38932817) -> rtmp://rtmp17open.ys7.com:1935/v3/openlive/K38932817_19_2?ex...
2026-05-26 14:58:54,324 [INFO] api_client: 获取流地址: 视频22@DS-7832N-R2(B)(K38932817) -> rtmp://rtmp17open.ys7.com:1935/v3/openlive/K38932817_22_2?ex...
2026-05-26 14:58:55,035 [INFO] api_client: 获取流地址: 视频27@DS-7832N-R2(B)(K38932817) -> rtmp://rtmp17open.ys7.com:1935/v3/openlive/K38932817_27_2?ex...
2026-05-26 14:58:55,788 [INFO] api_client: 获取流地址: 视频29@DS-7832N-R2(B)(K38932817) -> rtmp://rtmp17open.ys7.com:1935/v3/openlive/K38932817_29_2?ex...
2026-05-26 14:58:56,476 [INFO] api_client: 获取流地址: 视频30@DS-7832N-R2(B)(K38932817) -> rtmp://rtmp17open.ys7.com:1935/v3/openlive/K38932817_30_2?ex...
2026-05-26 14:58:56,476 [INFO] __main__: 获取到 6 个视频流地址
2026-05-26 15:00:59,813 [INFO] video_widget: 开始播放: 视频11@DS-7832N-R2(B)(K38932817) (rtmp://rtmp17open.ys7.com:1935/v3/openlive/K38932817_11_2?ex)
2026-05-26 15:01:05,167 [INFO] video_widget: 开始播放: 视频19@DS-7832N-R2(B)(K38932817) (rtmp://rtmp17open.ys7.com:1935/v3/openlive/K38932817_19_2?ex)
2026-05-26 15:01:06,406 [INFO] video_widget: 开始播放: 视频22@DS-7832N-R2(B)(K38932817) (rtmp://rtmp17open.ys7.com:1935/v3/openlive/K38932817_22_2?ex)
2026-05-26 15:01:08,106 [INFO] video_widget: 开始播放: 视频27@DS-7832N-R2(B)(K38932817) (rtmp://rtmp17open.ys7.com:1935/v3/openlive/K38932817_27_2?ex)
2026-05-26 15:01:09,097 [INFO] video_widget: 开始播放: 视频29@DS-7832N-R2(B)(K38932817) (rtmp://rtmp17open.ys7.com:1935/v3/openlive/K38932817_29_2?ex)
2026-05-26 15:01:10,247 [INFO] video_widget: 开始播放: 视频30@DS-7832N-R2(B)(K38932817) (rtmp://rtmp17open.ys7.com:1935/v3/openlive/K38932817_30_2?ex)
2026-05-26 15:19:53,491 [INFO] api_client: 获取appkey成功
2026-05-26 15:19:54,182 [INFO] api_client: 登录成功: user_id=250887591, children=2
2026-05-26 15:19:54,190 [INFO] __main__: children数据: [{'attendance_type': 0, 'avatar': '', 'birthday': '2026-05-23', 'call': '亲属', 'child_id': 241953789, 'class_id': 213894398, 'class_name': '虚拟学校4122虚拟班级7', 'class_pic': '', 'isSimpleVersion': 0, 'is_graduation': 0, 'is_invite': False, 'is_member': 0, 'is_vip': False, 'jump2page': 0, 'member_end_date': '1970-01-01', 'name': '宝宝', 'school_app_type': 0, 'school_id': 203215745, 'school_name': '虚拟学校4122', 'sex': 1, 'style': 2, 'subtype': 42, 'user_type': 2}, {'attendance_type': 1, 'avatar': '', 'birthday': '2026-05-24', 'call': '爸爸', 'child_id': 241954492, 'class_id': 213875324, 'class_name': 'K1b', 'class_pic': '', 'isSimpleVersion': 0, 'is_graduation': 0, 'is_invite': True, 'is_member': 0, 'is_vip': False, 'jump2page': 0, 'member_end_date': '1970-01-01', 'name': '张书瑜', 'school_app_type': 0, 'school_id': 203152785, 'school_name': '凯乐奇贝森之家幼儿园', 'sex': 1, 'style': 1, 'subtype': 4, 'user_type': 1}]
2026-05-26 15:19:54,190 [INFO] __main__: 选择孩子: 张书瑜, 学校: 凯乐奇贝森之家幼儿园, school_id: 203152785
2026-05-26 15:19:54,190 [INFO] api_client: 请求摄像头列表: school_id=203152785, url=https://hxg.api.myenglish.com.cn/api/v4/Video/GetVideoCameraListByZhsSchoolId
2026-05-26 15:19:54,993 [INFO] api_client: 摄像头API响应: Code=0, Data长度=32
2026-05-26 15:19:54,994 [INFO] __main__: 获取到 32 个摄像头
2026-05-26 15:19:57,758 [INFO] __main__: 有权限摄像头: 6/32
2026-05-26 15:19:58,680 [INFO] api_client: 获取流地址: 视频11@DS-7832N-R2(B)(K38932817) -> https://open.ys7.com/v3/openlive/K38932817_11_1.m3u8?expire=...
2026-05-26 15:19:59,516 [INFO] api_client: 获取流地址: 视频19@DS-7832N-R2(B)(K38932817) -> https://open.ys7.com/v3/openlive/K38932817_19_1.m3u8?expire=...
2026-05-26 15:20:00,191 [INFO] api_client: 获取流地址: 视频22@DS-7832N-R2(B)(K38932817) -> https://open.ys7.com/v3/openlive/K38932817_22_1.m3u8?expire=...
2026-05-26 15:20:00,932 [INFO] api_client: 获取流地址: 视频27@DS-7832N-R2(B)(K38932817) -> https://open.ys7.com/v3/openlive/K38932817_27_1.m3u8?expire=...
2026-05-26 15:20:01,709 [INFO] api_client: 获取流地址: 视频29@DS-7832N-R2(B)(K38932817) -> https://open.ys7.com/v3/openlive/K38932817_29_1.m3u8?expire=...
2026-05-26 15:20:02,548 [INFO] api_client: 获取流地址: 视频30@DS-7832N-R2(B)(K38932817) -> https://open.ys7.com/v3/openlive/K38932817_30_1.m3u8?expire=...
2026-05-26 15:20:02,548 [INFO] __main__: 获取到 6 个视频流地址
2026-05-26 15:20:50,437 [INFO] video_widget: 开始播放: 视频11@DS-7832N-R2(B)(K38932817) (https://open.ys7.com/v3/openlive/K38932817_11_1.m3u8?expire=)
2026-05-26 15:20:52,578 [INFO] video_widget: 开始播放: 视频19@DS-7832N-R2(B)(K38932817) (https://open.ys7.com/v3/openlive/K38932817_19_1.m3u8?expire=)
2026-05-26 15:20:53,517 [INFO] video_widget: 开始播放: 视频22@DS-7832N-R2(B)(K38932817) (https://open.ys7.com/v3/openlive/K38932817_22_1.m3u8?expire=)
2026-05-26 15:20:54,558 [INFO] video_widget: 开始播放: 视频30@DS-7832N-R2(B)(K38932817) (https://open.ys7.com/v3/openlive/K38932817_30_1.m3u8?expire=)
2026-05-26 15:20:55,688 [INFO] video_widget: 开始播放: 视频29@DS-7832N-R2(B)(K38932817) (https://open.ys7.com/v3/openlive/K38932817_29_1.m3u8?expire=)
2026-05-26 15:20:56,890 [INFO] video_widget: 开始播放: 视频27@DS-7832N-R2(B)(K38932817) (https://open.ys7.com/v3/openlive/K38932817_27_1.m3u8?expire=)
2026-05-26 15:22:03,966 [INFO] video_widget: 开始录像: D:\SOFT\AI\github\tree\baby_monitor\recordings\视频27@DS-7832N-R2(B)(K38932817)_20260526_152203.mp4
2026-05-26 15:22:35,818 [INFO] video_widget: 停止录像: D:\SOFT\AI\github\tree\baby_monitor\recordings\视频27@DS-7832N-R2(B)(K38932817)_20260526_152203.mp4
2026-05-26 15:23:10,006 [INFO] video_widget: 开始录像: D:\SOFT\AI\github\tree\baby_monitor\recordings\视频27@DS-7832N-R2(B)(K38932817)_20260526_152309.mp4
2026-05-26 15:26:05,276 [INFO] video_widget: 停止录像: D:\SOFT\AI\github\tree\baby_monitor\recordings\视频27@DS-7832N-R2(B)(K38932817)_20260526_152309.mp4
2026-05-26 15:48:40,754 [INFO] api_client: 获取appkey成功
2026-05-26 15:48:41,631 [INFO] api_client: 登录成功: user_id=250887591, children=2
2026-05-26 15:48:41,640 [INFO] __main__: children数据: [{'attendance_type': 0, 'avatar': '', 'birthday': '2026-05-23', 'call': '亲属', 'child_id': 241953789, 'class_id': 213894398, 'class_name': '虚拟学校4122虚拟班级7', 'class_pic': '', 'isSimpleVersion': 0, 'is_graduation': 0, 'is_invite': False, 'is_member': 0, 'is_vip': False, 'jump2page': 0, 'member_end_date': '1970-01-01', 'name': '宝宝', 'school_app_type': 0, 'school_id': 203215745, 'school_name': '虚拟学校4122', 'sex': 1, 'style': 2, 'subtype': 42, 'user_type': 2}, {'attendance_type': 1, 'avatar': '', 'birthday': '2026-05-24', 'call': '爸爸', 'child_id': 241954492, 'class_id': 213875324, 'class_name': 'K1b', 'class_pic': '', 'isSimpleVersion': 0, 'is_graduation': 0, 'is_invite': True, 'is_member': 0, 'is_vip': False, 'jump2page': 0, 'member_end_date': '1970-01-01', 'name': '张书瑜', 'school_app_type': 0, 'school_id': 203152785, 'school_name': '凯乐奇贝森之家幼儿园', 'sex': 1, 'style': 1, 'subtype': 4, 'user_type': 1}]
2026-05-26 15:48:41,641 [INFO] __main__: 选择孩子: 张书瑜, 学校: 凯乐奇贝森之家幼儿园, school_id: 203152785
2026-05-26 15:48:41,642 [INFO] api_client: 请求摄像头列表: school_id=203152785, url=https://hxg.api.myenglish.com.cn/api/v4/Video/GetVideoCameraListByZhsSchoolId
2026-05-26 15:48:42,375 [INFO] api_client: 摄像头API响应: Code=0, Data长度=32
2026-05-26 15:48:42,376 [INFO] __main__: 获取到 32 个摄像头
2026-05-26 15:48:46,292 [INFO] __main__: 有权限摄像头: 6/32
2026-05-26 15:48:47,290 [INFO] api_client: 获取流地址: 视频11@DS-7832N-R2(B)(K38932817) -> https://open.ys7.com/v3/openlive/K38932817_11_1.m3u8?expire=...
2026-05-26 15:48:48,190 [INFO] api_client: 获取流地址: 视频19@DS-7832N-R2(B)(K38932817) -> https://open.ys7.com/v3/openlive/K38932817_19_1.m3u8?expire=...
2026-05-26 15:48:49,058 [INFO] api_client: 获取流地址: 视频22@DS-7832N-R2(B)(K38932817) -> https://open.ys7.com/v3/openlive/K38932817_22_1.m3u8?expire=...
2026-05-26 15:48:49,778 [INFO] api_client: 获取流地址: 视频27@DS-7832N-R2(B)(K38932817) -> https://open.ys7.com/v3/openlive/K38932817_27_1.m3u8?expire=...
2026-05-26 15:48:50,858 [INFO] api_client: 获取流地址: 视频29@DS-7832N-R2(B)(K38932817) -> https://open.ys7.com/v3/openlive/K38932817_29_1.m3u8?expire=...
2026-05-26 15:48:51,624 [INFO] api_client: 获取流地址: 视频30@DS-7832N-R2(B)(K38932817) -> https://open.ys7.com/v3/openlive/K38932817_30_1.m3u8?expire=...
2026-05-26 15:48:51,624 [INFO] __main__: 获取到 6 个视频流地址
2026-05-26 16:10:21,335 [INFO] api_client: 获取appkey成功
2026-05-26 16:10:22,282 [INFO] api_client: 登录成功: user_id=250887591, children=2
2026-05-26 16:10:22,290 [INFO] __main__: 登录成功，共 2 个宝宝
2026-05-26 16:12:31,053 [INFO] api_client: 获取appkey成功
2026-05-26 16:12:31,711 [INFO] api_client: 登录成功: user_id=250887591, children=2
2026-05-26 16:12:31,718 [INFO] __main__: 登录成功，共 2 个宝宝
2026-05-26 16:15:00,889 [INFO] api_client: 获取appkey成功
2026-05-26 16:15:02,051 [INFO] api_client: 登录成功: user_id=250887591, children=2
2026-05-26 16:15:02,060 [INFO] __main__: 登录成功，共 2 个宝宝
2026-05-26 16:15:02,060 [INFO] __main__: 预获取摄像头: 宝宝 (school_id=203215745)
2026-05-26 16:15:02,060 [INFO] api_client: 请求摄像头列表: school_id=203215745, url=https://hxg.api.myenglish.com.cn/api/v4/Video/GetVideoCameraListByZhsSchoolId
2026-05-26 16:15:03,241 [WARNING] __main__: 预获取摄像头失败: object of type 'NoneType' has no len()
2026-05-26 16:15:03,295 [INFO] api_client: 请求摄像头列表: school_id=203215745, url=https://hxg.api.myenglish.com.cn/api/v4/Video/GetVideoCameraListByZhsSchoolId
2026-05-26 16:15:09,059 [INFO] api_client: 请求摄像头列表: school_id=203152785, url=https://hxg.api.myenglish.com.cn/api/v4/Video/GetVideoCameraListByZhsSchoolId
2026-05-26 16:15:10,191 [INFO] api_client: 摄像头API响应: Code=0, Data长度=32
2026-05-26 16:15:19,669 [INFO] api_client: 获取流地址: 视频11@DS-7832N-R2(B)(K38932817) -> https://open.ys7.com/v3/openlive/K38932817_11_1.m3u8?expire=...
2026-05-26 16:15:20,801 [INFO] api_client: 获取流地址: 视频19@DS-7832N-R2(B)(K38932817) -> https://open.ys7.com/v3/openlive/K38932817_19_1.m3u8?expire=...
2026-05-26 16:15:22,185 [INFO] api_client: 获取流地址: 视频22@DS-7832N-R2(B)(K38932817) -> https://open.ys7.com/v3/openlive/K38932817_22_1.m3u8?expire=...
2026-05-26 16:15:23,257 [INFO] api_client: 获取流地址: 视频27@DS-7832N-R2(B)(K38932817) -> https://open.ys7.com/v3/openlive/K38932817_27_1.m3u8?expire=...
2026-05-26 16:15:24,274 [INFO] api_client: 获取流地址: 视频29@DS-7832N-R2(B)(K38932817) -> https://open.ys7.com/v3/openlive/K38932817_29_1.m3u8?expire=...
2026-05-26 16:15:25,476 [INFO] api_client: 获取流地址: 视频30@DS-7832N-R2(B)(K38932817) -> https://open.ys7.com/v3/openlive/K38932817_30_1.m3u8?expire=...
2026-05-26 16:15:25,578 [INFO] video_widget: mpv WID: 0x50888, URL: https://open.ys7.com/v3/openlive/K38932817_11_1.m3u8?expire=
2026-05-26 16:15:25,586 [INFO] video_widget: 开始播放: 视频11@DS-7832N-R2(B)(K38932817) (https://open.ys7.com/v3/openlive/K38932817_11_1.m3u8?expire=)
2026-05-26 16:15:34,310 [WARNING] video_widget: 无视频流地址
2026-05-26 16:15:51,655 [INFO] video_widget: mpv WID: 0x50888, URL: https://open.ys7.com/v3/openlive/K38932817_11_1.m3u8?expire=
2026-05-26 16:15:51,660 [INFO] video_widget: 开始播放: 视频11@DS-7832N-R2(B)(K38932817) (https://open.ys7.com/v3/openlive/K38932817_11_1.m3u8?expire=)
2026-05-26 16:17:04,708 [INFO] api_client: 请求摄像头列表: school_id=203215745, url=https://hxg.api.myenglish.com.cn/api/v4/Video/GetVideoCameraListByZhsSchoolId
2026-05-26 16:19:59,618 [INFO] api_client: 获取appkey成功
2026-05-26 16:20:00,575 [INFO] api_client: 登录成功: user_id=250887591, children=2
2026-05-26 16:20:00,583 [INFO] __main__: 登录成功，共 2 个宝宝
2026-05-26 16:20:00,583 [INFO] __main__: 预获取摄像头: 宝宝 (school_id=203215745)
2026-05-26 16:20:00,583 [INFO] api_client: 请求摄像头列表: school_id=203215745, url=https://hxg.api.myenglish.com.cn/api/v4/Video/GetVideoCameraListByZhsSchoolId
2026-05-26 16:20:01,398 [WARNING] __main__: 预获取摄像头失败: object of type 'NoneType' has no len()
2026-05-26 16:20:01,453 [INFO] api_client: 请求摄像头列表: school_id=203215745, url=https://hxg.api.myenglish.com.cn/api/v4/Video/GetVideoCameraListByZhsSchoolId
2026-05-26 16:20:11,280 [INFO] api_client: 请求摄像头列表: school_id=203152785, url=https://hxg.api.myenglish.com.cn/api/v4/Video/GetVideoCameraListByZhsSchoolId
2026-05-26 16:20:12,685 [INFO] api_client: 摄像头API响应: Code=0, Data长度=32
2026-05-26 16:20:17,658 [INFO] api_client: 获取流地址: 视频11@DS-7832N-R2(B)(K38932817) -> https://open.ys7.com/v3/openlive/K38932817_11_1.m3u8?expire=...
2026-05-26 16:20:18,843 [INFO] api_client: 获取流地址: 视频19@DS-7832N-R2(B)(K38932817) -> https://open.ys7.com/v3/openlive/K38932817_19_1.m3u8?expire=...
2026-05-26 16:20:19,734 [INFO] api_client: 获取流地址: 视频22@DS-7832N-R2(B)(K38932817) -> https://open.ys7.com/v3/openlive/K38932817_22_1.m3u8?expire=...
2026-05-26 16:20:20,613 [INFO] api_client: 获取流地址: 视频27@DS-7832N-R2(B)(K38932817) -> https://open.ys7.com/v3/openlive/K38932817_27_1.m3u8?expire=...
2026-05-26 16:20:21,489 [INFO] api_client: 获取流地址: 视频29@DS-7832N-R2(B)(K38932817) -> https://open.ys7.com/v3/openlive/K38932817_29_1.m3u8?expire=...
2026-05-26 16:20:22,491 [INFO] api_client: 获取流地址: 视频30@DS-7832N-R2(B)(K38932817) -> https://open.ys7.com/v3/openlive/K38932817_30_1.m3u8?expire=...
2026-05-26 16:20:22,577 [INFO] video_widget: mpv WID: 0x200d56, URL: https://open.ys7.com/v3/openlive/K38932817_11_1.m3u8?expire=
2026-05-26 16:20:22,585 [INFO] video_widget: 开始播放: 视频11@DS-7832N-R2(B)(K38932817) (https://open.ys7.com/v3/openlive/K38932817_11_1.m3u8?expire=)
2026-05-26 16:20:22,611 [INFO] video_widget: mpv WID: 0x1a02bc, URL: https://open.ys7.com/v3/openlive/K38932817_19_1.m3u8?expire=
2026-05-26 16:20:22,619 [INFO] video_widget: 开始播放: 视频19@DS-7832N-R2(B)(K38932817) (https://open.ys7.com/v3/openlive/K38932817_19_1.m3u8?expire=)
2026-05-26 16:20:22,644 [INFO] video_widget: mpv WID: 0x9087c, URL: https://open.ys7.com/v3/openlive/K38932817_22_1.m3u8?expire=
2026-05-26 16:20:22,657 [INFO] video_widget: 开始播放: 视频22@DS-7832N-R2(B)(K38932817) (https://open.ys7.com/v3/openlive/K38932817_22_1.m3u8?expire=)
2026-05-26 16:20:22,683 [INFO] video_widget: mpv WID: 0x220486, URL: https://open.ys7.com/v3/openlive/K38932817_27_1.m3u8?expire=
2026-05-26 16:20:22,697 [INFO] video_widget: 开始播放: 视频27@DS-7832N-R2(B)(K38932817) (https://open.ys7.com/v3/openlive/K38932817_27_1.m3u8?expire=)
2026-05-26 16:20:22,773 [INFO] video_widget: mpv WID: 0x6081c, URL: https://open.ys7.com/v3/openlive/K38932817_29_1.m3u8?expire=
2026-05-26 16:20:22,781 [INFO] video_widget: 开始播放: 视频29@DS-7832N-R2(B)(K38932817) (https://open.ys7.com/v3/openlive/K38932817_29_1.m3u8?expire=)
2026-05-26 16:20:22,797 [INFO] video_widget: mpv WID: 0xa10ec, URL: https://open.ys7.com/v3/openlive/K38932817_30_1.m3u8?expire=
2026-05-26 16:20:22,804 [INFO] video_widget: 开始播放: 视频30@DS-7832N-R2(B)(K38932817) (https://open.ys7.com/v3/openlive/K38932817_30_1.m3u8?expire=)
2026-05-26 16:20:45,393 [INFO] video_widget: 开始录像: D:\SOFT\AI\github\tree\baby_monitor\recordings\REC_20260526_162045_gsbd.mp4
2026-05-26 16:21:35,401 [INFO] video_widget: 停止录像: D:\SOFT\AI\github\tree\baby_monitor\recordings\REC_20260526_162045_gsbd.mp4
2026-05-26 16:24:33,094 [INFO] api_client: 获取appkey成功
2026-05-26 16:24:34,477 [INFO] api_client: 登录成功: user_id=250887591, children=2
2026-05-26 16:24:34,486 [INFO] __main__: 登录成功，共 2 个宝宝
2026-05-26 16:24:34,487 [INFO] __main__: 预获取摄像头: 宝宝 (school_id=203215745)
2026-05-26 16:24:34,490 [INFO] api_client: 请求摄像头列表: school_id=203215745, url=https://hxg.api.myenglish.com.cn/api/v4/Video/GetVideoCameraListByZhsSchoolId
2026-05-26 16:24:35,139 [WARNING] __main__: 预获取摄像头失败: object of type 'NoneType' has no len()
2026-05-26 16:24:35,193 [INFO] api_client: 请求摄像头列表: school_id=203215745, url=https://hxg.api.myenglish.com.cn/api/v4/Video/GetVideoCameraListByZhsSchoolId
2026-05-26 16:24:35,790 [WARNING] ui_main: 摄像头加载失败: object of type 'NoneType' has no len()
2026-05-26 16:24:40,981 [INFO] api_client: 请求摄像头列表: school_id=203152785, url=https://hxg.api.myenglish.com.cn/api/v4/Video/GetVideoCameraListByZhsSchoolId
2026-05-26 16:24:42,288 [INFO] api_client: 摄像头API响应: Code=0, Data长度=32
2026-05-26 16:24:48,849 [INFO] api_client: 获取流地址: 视频11@DS-7832N-R2(B)(K38932817) -> https://open.ys7.com/v3/openlive/K38932817_11_1.m3u8?expire=...
2026-05-26 16:24:49,835 [INFO] api_client: 获取流地址: 视频19@DS-7832N-R2(B)(K38932817) -> https://open.ys7.com/v3/openlive/K38932817_19_1.m3u8?expire=...
2026-05-26 16:24:50,718 [INFO] api_client: 获取流地址: 视频22@DS-7832N-R2(B)(K38932817) -> https://open.ys7.com/v3/openlive/K38932817_22_1.m3u8?expire=...
2026-05-26 16:24:51,759 [INFO] api_client: 获取流地址: 视频27@DS-7832N-R2(B)(K38932817) -> https://open.ys7.com/v3/openlive/K38932817_27_1.m3u8?expire=...
2026-05-26 16:24:52,615 [INFO] api_client: 获取流地址: 视频29@DS-7832N-R2(B)(K38932817) -> https://open.ys7.com/v3/openlive/K38932817_29_1.m3u8?expire=...
2026-05-26 16:24:54,247 [INFO] api_client: 获取流地址: 视频30@DS-7832N-R2(B)(K38932817) -> https://open.ys7.com/v3/openlive/K38932817_30_1.m3u8?expire=...
2026-05-26 16:24:54,334 [INFO] video_widget: mpv WID: 0x9085a, URL: https://open.ys7.com/v3/openlive/K38932817_11_1.m3u8?expire=
2026-05-26 16:24:54,342 [INFO] video_widget: 开始播放: 视频11@DS-7832N-R2(B)(K38932817) (https://open.ys7.com/v3/openlive/K38932817_11_1.m3u8?expire=)
2026-05-26 16:24:54,369 [INFO] video_widget: mpv WID: 0x7081c, URL: https://open.ys7.com/v3/openlive/K38932817_19_1.m3u8?expire=
2026-05-26 16:24:54,377 [INFO] video_widget: 开始播放: 视频19@DS-7832N-R2(B)(K38932817) (https://open.ys7.com/v3/openlive/K38932817_19_1.m3u8?expire=)
2026-05-26 16:24:54,419 [INFO] video_widget: mpv WID: 0xc088e, URL: https://open.ys7.com/v3/openlive/K38932817_22_1.m3u8?expire=
2026-05-26 16:24:54,426 [INFO] video_widget: 开始播放: 视频22@DS-7832N-R2(B)(K38932817) (https://open.ys7.com/v3/openlive/K38932817_22_1.m3u8?expire=)
2026-05-26 16:24:54,443 [INFO] video_widget: mpv WID: 0x1007f8, URL: https://open.ys7.com/v3/openlive/K38932817_27_1.m3u8?expire=
2026-05-26 16:24:54,456 [INFO] video_widget: 开始播放: 视频27@DS-7832N-R2(B)(K38932817) (https://open.ys7.com/v3/openlive/K38932817_27_1.m3u8?expire=)
2026-05-26 16:24:54,485 [INFO] video_widget: mpv WID: 0xb04ae, URL: https://open.ys7.com/v3/openlive/K38932817_29_1.m3u8?expire=
2026-05-26 16:24:54,494 [INFO] video_widget: 开始播放: 视频29@DS-7832N-R2(B)(K38932817) (https://open.ys7.com/v3/openlive/K38932817_29_1.m3u8?expire=)
2026-05-26 16:24:54,587 [INFO] video_widget: mpv WID: 0x330f5a, URL: https://open.ys7.com/v3/openlive/K38932817_30_1.m3u8?expire=
2026-05-26 16:24:54,594 [INFO] video_widget: 开始播放: 视频30@DS-7832N-R2(B)(K38932817) (https://open.ys7.com/v3/openlive/K38932817_30_1.m3u8?expire=)
2026-05-26 16:32:47,735 [INFO] api_client: 请求摄像头列表: school_id=203215745, url=https://hxg.api.myenglish.com.cn/api/v4/Video/GetVideoCameraListByZhsSchoolId
2026-05-26 16:32:49,125 [WARNING] ui_main: 摄像头加载失败: object of type 'NoneType' has no len()
2026-05-26 16:32:51,150 [INFO] video_widget: mpv WID: 0x9085a, URL: https://open.ys7.com/v3/openlive/K38932817_11_1.m3u8?expire=
2026-05-26 16:32:51,155 [INFO] video_widget: 开始播放: 视频11@DS-7832N-R2(B)(K38932817) (https://open.ys7.com/v3/openlive/K38932817_11_1.m3u8?expire=)
2026-05-26 16:32:52,972 [INFO] api_client: 请求摄像头列表: school_id=203152785, url=https://hxg.api.myenglish.com.cn/api/v4/Video/GetVideoCameraListByZhsSchoolId
2026-05-26 16:32:54,582 [INFO] api_client: 摄像头API响应: Code=0, Data长度=32
2026-05-26 16:33:00,640 [INFO] api_client: 获取流地址: 视频11@DS-7832N-R2(B)(K38932817) -> https://open.ys7.com/v3/openlive/K38932817_11_1.m3u8?expire=...
2026-05-26 16:33:01,532 [INFO] api_client: 获取流地址: 视频19@DS-7832N-R2(B)(K38932817) -> https://open.ys7.com/v3/openlive/K38932817_19_1.m3u8?expire=...
2026-05-26 16:33:02,278 [INFO] api_client: 获取流地址: 视频22@DS-7832N-R2(B)(K38932817) -> https://open.ys7.com/v3/openlive/K38932817_22_1.m3u8?expire=...
2026-05-26 16:33:03,220 [INFO] api_client: 获取流地址: 视频27@DS-7832N-R2(B)(K38932817) -> https://open.ys7.com/v3/openlive/K38932817_27_1.m3u8?expire=...
2026-05-26 16:33:04,201 [INFO] api_client: 获取流地址: 视频29@DS-7832N-R2(B)(K38932817) -> https://open.ys7.com/v3/openlive/K38932817_29_1.m3u8?expire=...
2026-05-26 16:33:05,146 [INFO] api_client: 获取流地址: 视频30@DS-7832N-R2(B)(K38932817) -> https://open.ys7.com/v3/openlive/K38932817_30_1.m3u8?expire=...
2026-05-26 16:33:05,156 [INFO] video_widget: mpv WID: 0x9085a, URL: https://open.ys7.com/v3/openlive/K38932817_11_1.m3u8?expire=
2026-05-26 16:33:05,163 [INFO] video_widget: 开始播放: 视频11@DS-7832N-R2(B)(K38932817) (https://open.ys7.com/v3/openlive/K38932817_11_1.m3u8?expire=)
2026-05-26 16:33:05,164 [INFO] video_widget: mpv WID: 0x7081c, URL: https://open.ys7.com/v3/openlive/K38932817_19_1.m3u8?expire=
2026-05-26 16:33:05,171 [INFO] video_widget: 开始播放: 视频19@DS-7832N-R2(B)(K38932817) (https://open.ys7.com/v3/openlive/K38932817_19_1.m3u8?expire=)
2026-05-26 16:33:05,173 [INFO] video_widget: mpv WID: 0xc088e, URL: https://open.ys7.com/v3/openlive/K38932817_22_1.m3u8?expire=
2026-05-26 16:33:05,180 [INFO] video_widget: 开始播放: 视频22@DS-7832N-R2(B)(K38932817) (https://open.ys7.com/v3/openlive/K38932817_22_1.m3u8?expire=)
2026-05-26 16:33:05,183 [INFO] video_widget: mpv WID: 0x1007f8, URL: https://open.ys7.com/v3/openlive/K38932817_27_1.m3u8?expire=
2026-05-26 16:33:05,190 [INFO] video_widget: 开始播放: 视频27@DS-7832N-R2(B)(K38932817) (https://open.ys7.com/v3/openlive/K38932817_27_1.m3u8?expire=)
2026-05-26 16:33:05,191 [INFO] video_widget: mpv WID: 0xb04ae, URL: https://open.ys7.com/v3/openlive/K38932817_29_1.m3u8?expire=
2026-05-26 16:33:05,198 [INFO] video_widget: 开始播放: 视频29@DS-7832N-R2(B)(K38932817) (https://open.ys7.com/v3/openlive/K38932817_29_1.m3u8?expire=)
2026-05-26 16:33:05,200 [INFO] video_widget: mpv WID: 0x330f5a, URL: https://open.ys7.com/v3/openlive/K38932817_30_1.m3u8?expire=
2026-05-26 16:33:05,209 [INFO] video_widget: 开始播放: 视频30@DS-7832N-R2(B)(K38932817) (https://open.ys7.com/v3/openlive/K38932817_30_1.m3u8?expire=)
2026-05-26 16:33:49,498 [INFO] api_client: 获取appkey成功
2026-05-26 16:33:50,475 [INFO] api_client: 登录成功: user_id=250887591, children=2
2026-05-26 16:33:50,483 [INFO] __main__: 登录成功，共 2 个宝宝
2026-05-26 16:33:50,483 [INFO] __main__: 预获取摄像头: 宝宝 (school_id=203215745)
2026-05-26 16:33:50,484 [INFO] api_client: 请求摄像头列表: school_id=203215745, url=https://hxg.api.myenglish.com.cn/api/v4/Video/GetVideoCameraListByZhsSchoolId
2026-05-26 16:33:51,465 [WARNING] __main__: 预获取摄像头失败: object of type 'NoneType' has no len()
2026-05-26 16:34:01,461 [INFO] api_client: 请求摄像头列表: school_id=203152785, url=https://hxg.api.myenglish.com.cn/api/v4/Video/GetVideoCameraListByZhsSchoolId
2026-05-26 16:34:02,499 [INFO] api_client: 摄像头API响应: Code=0, Data长度=32
2026-05-26 16:34:10,888 [INFO] api_client: 获取流地址: 视频11@DS-7832N-R2(B)(K38932817) -> https://open.ys7.com/v3/openlive/K38932817_11_1.m3u8?expire=...
2026-05-26 16:34:11,894 [INFO] api_client: 获取流地址: 视频19@DS-7832N-R2(B)(K38932817) -> https://open.ys7.com/v3/openlive/K38932817_19_1.m3u8?expire=...
2026-05-26 16:34:13,142 [INFO] api_client: 获取流地址: 视频22@DS-7832N-R2(B)(K38932817) -> https://open.ys7.com/v3/openlive/K38932817_22_1.m3u8?expire=...
2026-05-26 16:34:14,270 [INFO] api_client: 获取流地址: 视频27@DS-7832N-R2(B)(K38932817) -> https://open.ys7.com/v3/openlive/K38932817_27_1.m3u8?expire=...
2026-05-26 16:34:15,151 [INFO] api_client: 获取流地址: 视频29@DS-7832N-R2(B)(K38932817) -> https://open.ys7.com/v3/openlive/K38932817_29_1.m3u8?expire=...
2026-05-26 16:34:16,041 [INFO] api_client: 获取流地址: 视频30@DS-7832N-R2(B)(K38932817) -> https://open.ys7.com/v3/openlive/K38932817_30_1.m3u8?expire=...
2026-05-26 16:34:16,154 [INFO] video_widget: mpv WID: 0x340f5a, URL: https://open.ys7.com/v3/openlive/K38932817_11_1.m3u8?expire=
2026-05-26 16:34:16,162 [INFO] video_widget: 开始播放: 视频11@DS-7832N-R2(B)(K38932817) (https://open.ys7.com/v3/openlive/K38932817_11_1.m3u8?expire=)
2026-05-26 16:34:16,190 [INFO] video_widget: mpv WID: 0x1107f8, URL: https://open.ys7.com/v3/openlive/K38932817_19_1.m3u8?expire=
2026-05-26 16:34:16,198 [INFO] video_widget: 开始播放: 视频19@DS-7832N-R2(B)(K38932817) (https://open.ys7.com/v3/openlive/K38932817_19_1.m3u8?expire=)
2026-05-26 16:34:16,268 [INFO] video_widget: mpv WID: 0xc0780, URL: https://open.ys7.com/v3/openlive/K38932817_22_1.m3u8?expire=
2026-05-26 16:34:16,278 [INFO] video_widget: 开始播放: 视频22@DS-7832N-R2(B)(K38932817) (https://open.ys7.com/v3/openlive/K38932817_22_1.m3u8?expire=)
2026-05-26 16:34:16,334 [INFO] video_widget: mpv WID: 0x180596, URL: https://open.ys7.com/v3/openlive/K38932817_27_1.m3u8?expire=
2026-05-26 16:34:16,353 [INFO] video_widget: 开始播放: 视频27@DS-7832N-R2(B)(K38932817) (https://open.ys7.com/v3/openlive/K38932817_27_1.m3u8?expire=)
2026-05-26 16:34:16,380 [INFO] video_widget: mpv WID: 0x470b02, URL: https://open.ys7.com/v3/openlive/K38932817_29_1.m3u8?expire=
2026-05-26 16:34:16,388 [INFO] video_widget: 开始播放: 视频29@DS-7832N-R2(B)(K38932817) (https://open.ys7.com/v3/openlive/K38932817_29_1.m3u8?expire=)
2026-05-26 16:34:16,434 [INFO] video_widget: mpv WID: 0x150e56, URL: https://open.ys7.com/v3/openlive/K38932817_30_1.m3u8?expire=
2026-05-26 16:34:16,443 [INFO] video_widget: 开始播放: 视频30@DS-7832N-R2(B)(K38932817) (https://open.ys7.com/v3/openlive/K38932817_30_1.m3u8?expire=)
2026-05-26 16:38:26,491 [INFO] api_client: 获取appkey成功
2026-05-26 16:38:27,256 [INFO] api_client: 登录成功: user_id=250887591, children=2
2026-05-26 16:38:27,265 [INFO] __main__: 登录成功，共 2 个宝宝
2026-05-26 16:38:27,265 [INFO] __main__: 预获取摄像头: 宝宝 (school_id=203215745)
2026-05-26 16:38:27,265 [INFO] api_client: 请求摄像头列表: school_id=203215745, url=https://hxg.api.myenglish.com.cn/api/v4/Video/GetVideoCameraListByZhsSchoolId
2026-05-26 16:38:28,362 [WARNING] __main__: 预获取摄像头失败: object of type 'NoneType' has no len()
2026-05-26 16:40:03,049 [INFO] api_client: 获取appkey成功
2026-05-26 16:40:03,637 [INFO] api_client: 登录成功: user_id=250887591, children=2
2026-05-26 16:40:03,645 [INFO] __main__: 登录成功，共 2 个宝宝
2026-05-26 16:40:03,645 [INFO] __main__: 预获取摄像头: 宝宝 (school_id=203215745)
2026-05-26 16:40:03,645 [INFO] api_client: 请求摄像头列表: school_id=203215745, url=https://hxg.api.myenglish.com.cn/api/v4/Video/GetVideoCameraListByZhsSchoolId
2026-05-26 16:40:04,576 [WARNING] __main__: 预获取摄像头失败: object of type 'NoneType' has no len()
2026-05-26 16:41:49,366 [INFO] api_client: 获取appkey成功
2026-05-26 16:41:50,089 [INFO] api_client: 登录成功: user_id=250887591, children=2
2026-05-26 16:41:50,096 [INFO] __main__: 登录成功，共 2 个宝宝
2026-05-26 16:41:50,097 [INFO] __main__: 预获取摄像头: 宝宝 (school_id=203215745)
2026-05-26 16:41:50,098 [INFO] api_client: 请求摄像头列表: school_id=203215745, url=https://hxg.api.myenglish.com.cn/api/v4/Video/GetVideoCameraListByZhsSchoolId
2026-05-26 16:41:50,920 [WARNING] __main__: 预获取摄像头失败: object of type 'NoneType' has no len()
2026-05-26 16:43:35,371 [INFO] api_client: 获取appkey成功
2026-05-26 16:43:35,981 [INFO] api_client: 登录成功: user_id=250887591, children=2
2026-05-26 16:43:35,988 [INFO] __main__: 登录成功，共 2 个宝宝
2026-05-26 16:43:35,989 [INFO] __main__: 预获取摄像头: 宝宝 (school_id=203215745)
2026-05-26 16:43:35,989 [INFO] api_client: 请求摄像头列表: school_id=203215745, url=https://hxg.api.myenglish.com.cn/api/v4/Video/GetVideoCameraListByZhsSchoolId
2026-05-26 16:43:36,665 [WARNING] __main__: 预获取摄像头失败: object of type 'NoneType' has no len()
2026-05-26 16:44:23,013 [INFO] api_client: 获取appkey成功
2026-05-26 16:44:23,652 [INFO] api_client: 登录成功: user_id=250887591, children=2
2026-05-26 16:44:23,659 [INFO] __main__: 登录成功，共 2 个宝宝
2026-05-26 16:44:23,660 [INFO] __main__: 预获取摄像头: 宝宝 (school_id=203215745)
2026-05-26 16:44:23,660 [INFO] api_client: 请求摄像头列表: school_id=203215745, url=https://hxg.api.myenglish.com.cn/api/v4/Video/GetVideoCameraListByZhsSchoolId
2026-05-26 16:44:24,218 [WARNING] __main__: 预获取摄像头失败: object of type 'NoneType' has no len()
2026-05-26 16:51:50,688 [INFO] api_client: 获取appkey成功
2026-05-26 16:51:51,358 [INFO] api_client: 登录成功: user_id=250887591, children=2
2026-05-26 16:51:51,365 [INFO] __main__: 登录成功，共 2 个宝宝
2026-05-26 16:51:51,366 [INFO] __main__: 预获取摄像头: 宝宝 (school_id=203215745)
2026-05-26 16:51:51,366 [INFO] api_client: 请求摄像头列表: school_id=203215745, url=https://hxg.api.myenglish.com.cn/api/v4/Video/GetVideoCameraListByZhsSchoolId
2026-05-26 16:51:51,936 [WARNING] __main__: 预获取摄像头失败: object of type 'NoneType' has no len()
2026-05-26 16:56:01,495 [INFO] api_client: 获取appkey成功
2026-05-26 16:56:02,111 [INFO] api_client: 登录成功: user_id=250887591, children=2
2026-05-26 16:56:02,118 [INFO] __main__: 登录成功，共 2 个宝宝
2026-05-26 16:56:02,118 [INFO] __main__: 预获取摄像头: 宝宝 (school_id=203215745)
2026-05-26 16:56:02,118 [INFO] api_client: 请求摄像头列表: school_id=203215745, url=https://hxg.api.myenglish.com.cn/api/v4/Video/GetVideoCameraListByZhsSchoolId
2026-05-26 16:56:02,825 [WARNING] __main__: 预获取摄像头失败: object of type 'NoneType' has no len()
2026-05-27 08:00:38,231 [INFO] api_client: 获取appkey成功
2026-05-27 08:00:39,121 [INFO] api_client: 登录成功: user_id=250887591, children=2
2026-05-27 08:00:39,128 [INFO] __main__: 登录成功，共 2 个宝宝
2026-05-27 08:00:39,128 [INFO] __main__: 预获取摄像头: 宝宝 (school_id=203215745)
2026-05-27 08:00:39,129 [INFO] api_client: 请求摄像头列表: school_id=203215745, url=https://hxg.api.myenglish.com.cn/api/v4/Video/GetVideoCameraListByZhsSchoolId
2026-05-27 08:00:39,881 [WARNING] __main__: 预获取摄像头失败: object of type 'NoneType' has no len()
2026-05-27 08:08:40,665 [INFO] api_client: 获取appkey成功
2026-05-27 08:08:41,543 [INFO] api_client: 登录成功: user_id=250887591, children=2
2026-05-27 08:08:41,550 [INFO] __main__: 登录成功，共 2 个宝宝
2026-05-27 08:08:41,550 [INFO] __main__: 预获取摄像头: 宝宝 (school_id=203215745)
2026-05-27 08:08:41,550 [INFO] api_client: 请求摄像头列表: school_id=203215745, url=https://hxg.api.myenglish.com.cn/api/v4/Video/GetVideoCameraListByZhsSchoolId
2026-05-27 08:08:42,228 [WARNING] __main__: 预获取摄像头失败: object of type 'NoneType' has no len()
2026-05-27 08:11:58,461 [INFO] api_client: 获取appkey成功
2026-05-27 08:11:59,380 [INFO] api_client: 登录成功: user_id=250887591, children=2
2026-05-27 08:11:59,386 [INFO] __main__: 登录成功，共 2 个宝宝
2026-05-27 08:11:59,387 [INFO] __main__: 预获取摄像头: 宝宝 (school_id=203215745)
2026-05-27 08:11:59,387 [INFO] api_client: 请求摄像头列表: school_id=203215745, url=https://hxg.api.myenglish.com.cn/api/v4/Video/GetVideoCameraListByZhsSchoolId
2026-05-27 08:12:00,519 [WARNING] __main__: 预获取摄像头失败: object of type 'NoneType' has no len()
2026-05-27 08:12:13,278 [INFO] ui_main: 播放录像: D:\SOFT\AI\github\tree\baby_monitor\recordings\REC_20260526_162045_gsbd.mp4
2026-05-27 08:12:28,783 [INFO] api_client: 请求摄像头列表: school_id=203152785, url=https://hxg.api.myenglish.com.cn/api/v4/Video/GetVideoCameraListByZhsSchoolId
2026-05-27 08:12:29,390 [INFO] api_client: 摄像头API响应: Code=0, Data长度=32
2026-05-27 08:12:33,591 [INFO] api_client: 获取流地址: 视频11@DS-7832N-R2(B)(K38932817) -> https://open.ys7.com/v3/openlive/K38932817_11_1.m3u8?expire=...
2026-05-27 08:12:34,255 [INFO] api_client: 获取流地址: 视频19@DS-7832N-R2(B)(K38932817) -> https://open.ys7.com/v3/openlive/K38932817_19_1.m3u8?expire=...
2026-05-27 08:12:35,012 [INFO] api_client: 获取流地址: 视频22@DS-7832N-R2(B)(K38932817) -> https://open.ys7.com/v3/openlive/K38932817_22_1.m3u8?expire=...
2026-05-27 08:12:35,711 [INFO] api_client: 获取流地址: 视频27@DS-7832N-R2(B)(K38932817) -> https://open.ys7.com/v3/openlive/K38932817_27_1.m3u8?expire=...
2026-05-27 08:12:36,424 [INFO] api_client: 获取流地址: 视频29@DS-7832N-R2(B)(K38932817) -> https://open.ys7.com/v3/openlive/K38932817_29_1.m3u8?expire=...
2026-05-27 08:12:37,173 [INFO] api_client: 获取流地址: 视频30@DS-7832N-R2(B)(K38932817) -> https://open.ys7.com/v3/openlive/K38932817_30_1.m3u8?expire=...
2026-05-27 08:12:37,259 [INFO] video_widget: mpv WID: 0x501d4, URL: https://open.ys7.com/v3/openlive/K38932817_11_1.m3u8?expire=
2026-05-27 08:12:37,266 [INFO] video_widget: 开始播放: 视频11@DS-7832N-R2(B)(K38932817) (https://open.ys7.com/v3/openlive/K38932817_11_1.m3u8?expire=)
2026-05-27 08:12:37,283 [INFO] video_widget: mpv WID: 0x307de, URL: https://open.ys7.com/v3/openlive/K38932817_19_1.m3u8?expire=
2026-05-27 08:12:37,291 [INFO] video_widget: 开始播放: 视频19@DS-7832N-R2(B)(K38932817) (https://open.ys7.com/v3/openlive/K38932817_19_1.m3u8?expire=)
2026-05-27 08:12:37,305 [INFO] video_widget: mpv WID: 0x2087a, URL: https://open.ys7.com/v3/openlive/K38932817_22_1.m3u8?expire=
2026-05-27 08:12:37,314 [INFO] video_widget: 开始播放: 视频22@DS-7832N-R2(B)(K38932817) (https://open.ys7.com/v3/openlive/K38932817_22_1.m3u8?expire=)
2026-05-27 08:12:37,328 [INFO] video_widget: mpv WID: 0x4071a, URL: https://open.ys7.com/v3/openlive/K38932817_27_1.m3u8?expire=
2026-05-27 08:12:37,360 [INFO] video_widget: 开始播放: 视频27@DS-7832N-R2(B)(K38932817) (https://open.ys7.com/v3/openlive/K38932817_27_1.m3u8?expire=)
2026-05-27 08:12:37,376 [INFO] video_widget: mpv WID: 0x4073a, URL: https://open.ys7.com/v3/openlive/K38932817_29_1.m3u8?expire=
2026-05-27 08:12:37,383 [INFO] video_widget: 开始播放: 视频29@DS-7832N-R2(B)(K38932817) (https://open.ys7.com/v3/openlive/K38932817_29_1.m3u8?expire=)
2026-05-27 08:12:37,396 [INFO] video_widget: mpv WID: 0xa01ea, URL: https://open.ys7.com/v3/openlive/K38932817_30_1.m3u8?expire=
2026-05-27 08:12:37,405 [INFO] video_widget: 开始播放: 视频30@DS-7832N-R2(B)(K38932817) (https://open.ys7.com/v3/openlive/K38932817_30_1.m3u8?expire=)
2026-05-27 08:15:14,680 [INFO] api_client: 获取appkey成功
2026-05-27 08:15:15,447 [INFO] api_client: 登录成功: user_id=250887591, children=2
2026-05-27 08:15:15,454 [INFO] __main__: 登录成功，共 2 个宝宝
2026-05-27 08:15:15,454 [INFO] __main__: 预获取摄像头: 宝宝 (school_id=203215745)
2026-05-27 08:15:15,455 [INFO] api_client: 请求摄像头列表: school_id=203215745, url=https://hxg.api.myenglish.com.cn/api/v4/Video/GetVideoCameraListByZhsSchoolId
2026-05-27 08:15:16,526 [WARNING] __main__: 预获取摄像头失败: object of type 'NoneType' has no len()
2026-05-27 08:16:05,444 [INFO] api_client: 获取appkey成功
2026-05-27 08:16:06,023 [INFO] api_client: 登录成功: user_id=250887591, children=2
2026-05-27 08:16:06,029 [INFO] __main__: 登录成功，共 2 个宝宝
2026-05-27 08:16:06,030 [INFO] __main__: 预获取摄像头: 宝宝 (school_id=203215745)
2026-05-27 08:16:06,030 [INFO] api_client: 请求摄像头列表: school_id=203215745, url=https://hxg.api.myenglish.com.cn/api/v4/Video/GetVideoCameraListByZhsSchoolId
2026-05-27 08:16:07,489 [WARNING] __main__: 预获取摄像头失败: object of type 'NoneType' has no len()
2026-05-27 08:16:14,386 [INFO] api_client: 请求摄像头列表: school_id=203152785, url=https://hxg.api.myenglish.com.cn/api/v4/Video/GetVideoCameraListByZhsSchoolId
2026-05-27 08:16:17,333 [INFO] api_client: 摄像头API响应: Code=0, Data长度=32
2026-05-27 08:16:21,861 [INFO] api_client: 获取流地址: 视频11@DS-7832N-R2(B)(K38932817) -> https://open.ys7.com/v3/openlive/K38932817_11_1.m3u8?expire=...
2026-05-27 08:16:23,234 [INFO] api_client: 获取流地址: 视频19@DS-7832N-R2(B)(K38932817) -> https://open.ys7.com/v3/openlive/K38932817_19_1.m3u8?expire=...
2026-05-27 08:16:23,881 [INFO] api_client: 获取流地址: 视频22@DS-7832N-R2(B)(K38932817) -> https://open.ys7.com/v3/openlive/K38932817_22_1.m3u8?expire=...
2026-05-27 08:16:24,541 [INFO] api_client: 获取流地址: 视频27@DS-7832N-R2(B)(K38932817) -> https://open.ys7.com/v3/openlive/K38932817_27_1.m3u8?expire=...
2026-05-27 08:16:25,210 [INFO] api_client: 获取流地址: 视频29@DS-7832N-R2(B)(K38932817) -> https://open.ys7.com/v3/openlive/K38932817_29_1.m3u8?expire=...
2026-05-27 08:16:26,488 [INFO] api_client: 获取流地址: 视频30@DS-7832N-R2(B)(K38932817) -> https://open.ys7.com/v3/openlive/K38932817_30_1.m3u8?expire=...
2026-05-27 08:16:26,551 [INFO] video_widget: mpv WID: 0x508ba, URL: https://open.ys7.com/v3/openlive/K38932817_11_1.m3u8?expire=
2026-05-27 08:16:26,559 [INFO] video_widget: 开始播放: 视频11@DS-7832N-R2(B)(K38932817) (https://open.ys7.com/v3/openlive/K38932817_11_1.m3u8?expire=)
2026-05-27 08:16:26,572 [INFO] video_widget: mpv WID: 0x70180, URL: https://open.ys7.com/v3/openlive/K38932817_19_1.m3u8?expire=
2026-05-27 08:16:26,579 [INFO] video_widget: 开始播放: 视频19@DS-7832N-R2(B)(K38932817) (https://open.ys7.com/v3/openlive/K38932817_19_1.m3u8?expire=)
2026-05-27 08:16:26,589 [INFO] video_widget: mpv WID: 0x70252, URL: https://open.ys7.com/v3/openlive/K38932817_22_1.m3u8?expire=
2026-05-27 08:16:26,597 [INFO] video_widget: 开始播放: 视频22@DS-7832N-R2(B)(K38932817) (https://open.ys7.com/v3/openlive/K38932817_22_1.m3u8?expire=)
2026-05-27 08:16:26,609 [INFO] video_widget: mpv WID: 0x706d8, URL: https://open.ys7.com/v3/openlive/K38932817_27_1.m3u8?expire=
2026-05-27 08:16:26,616 [INFO] video_widget: 开始播放: 视频27@DS-7832N-R2(B)(K38932817) (https://open.ys7.com/v3/openlive/K38932817_27_1.m3u8?expire=)
2026-05-27 08:16:26,631 [INFO] video_widget: mpv WID: 0x5073a, URL: https://open.ys7.com/v3/openlive/K38932817_29_1.m3u8?expire=
2026-05-27 08:16:26,641 [INFO] video_widget: 开始播放: 视频29@DS-7832N-R2(B)(K38932817) (https://open.ys7.com/v3/openlive/K38932817_29_1.m3u8?expire=)
2026-05-27 08:16:26,657 [INFO] video_widget: mpv WID: 0x1b0724, URL: https://open.ys7.com/v3/openlive/K38932817_30_1.m3u8?expire=
2026-05-27 08:16:26,667 [INFO] video_widget: 开始播放: 视频30@DS-7832N-R2(B)(K38932817) (https://open.ys7.com/v3/openlive/K38932817_30_1.m3u8?expire=)
2026-05-27 08:18:39,614 [INFO] video_widget: mpv WID: 0x70180, URL: https://open.ys7.com/v3/openlive/K38932817_19_1.m3u8?expire=
2026-05-27 08:18:39,615 [ERROR] video_widget: 播放失败: [WinError 2] 系统找不到指定的文件。
2026-05-27 08:28:43,115 [INFO] video_widget: 开始录像: D:\SOFT\AI\github\tree\baby_monitor\recordings\REC_20260527_082841_70tq.mp4
2026-05-27 08:30:08,335 [INFO] ui_main: 录像保存: 视频27@DS-7832N-R2(B)(K38932817) -> D:\SOFT\AI\github\tree\baby_monitor\recordings\REC_20260527_082841_70tq.mp4
2026-05-27 08:30:08,335 [INFO] video_widget: 停止录像: D:\SOFT\AI\github\tree\baby_monitor\recordings\REC_20260527_082841_70tq.mp4
2026-05-27 08:31:43,924 [WARNING] video_widget: mpv.exe 未找到: D:\SOFT\AI\github\tree\baby_monitor\mpg\mpv.exe，视频播放不可用
2026-05-27 08:31:47,357 [INFO] api_client: 获取appkey成功
2026-05-27 08:31:47,945 [INFO] api_client: 登录成功: user_id=250887591, children=2
2026-05-27 08:31:47,952 [INFO] __main__: 登录成功，共 2 个宝宝
2026-05-27 08:31:48,088 [INFO] api_client: 请求摄像头列表: school_id=203215745, url=https://hxg.api.myenglish.com.cn/api/v4/Video/GetVideoCameraListByZhsSchoolId
2026-05-27 08:31:48,820 [WARNING] ui_main: 摄像头加载失败: object of type 'NoneType' has no len()
2026-05-27 08:31:49,909 [INFO] api_client: 请求摄像头列表: school_id=203152785, url=https://hxg.api.myenglish.com.cn/api/v4/Video/GetVideoCameraListByZhsSchoolId
2026-05-27 08:31:50,538 [INFO] api_client: 摄像头API响应: Code=0, Data长度=32
2026-05-27 08:31:53,616 [INFO] api_client: 获取流地址: 视频11@DS-7832N-R2(B)(K38932817) -> https://open.ys7.com/v3/openlive/K38932817_11_1.m3u8?expire=...
2026-05-27 08:31:54,322 [INFO] api_client: 获取流地址: 视频19@DS-7832N-R2(B)(K38932817) -> https://open.ys7.com/v3/openlive/K38932817_19_1.m3u8?expire=...
2026-05-27 08:31:54,975 [INFO] api_client: 获取流地址: 视频22@DS-7832N-R2(B)(K38932817) -> https://open.ys7.com/v3/openlive/K38932817_22_1.m3u8?expire=...
2026-05-27 08:31:56,412 [INFO] api_client: 获取流地址: 视频27@DS-7832N-R2(B)(K38932817) -> https://open.ys7.com/v3/openlive/K38932817_27_1.m3u8?expire=...
2026-05-27 08:31:57,053 [INFO] api_client: 获取流地址: 视频29@DS-7832N-R2(B)(K38932817) -> https://open.ys7.com/v3/openlive/K38932817_29_1.m3u8?expire=...
2026-05-27 08:31:57,696 [INFO] api_client: 获取流地址: 视频30@DS-7832N-R2(B)(K38932817) -> https://open.ys7.com/v3/openlive/K38932817_30_1.m3u8?expire=...
2026-05-27 08:31:57,732 [WARNING] video_widget: mpv 不可用
2026-05-27 08:31:57,733 [WARNING] video_widget: mpv 不可用
2026-05-27 08:31:57,733 [WARNING] video_widget: mpv 不可用
2026-05-27 08:31:57,733 [WARNING] video_widget: mpv 不可用
2026-05-27 08:31:57,733 [WARNING] video_widget: mpv 不可用
2026-05-27 08:31:57,734 [WARNING] video_widget: mpv 不可用
2026-05-27 08:35:42,267 [INFO] api_client: 获取appkey成功
2026-05-27 08:35:42,811 [INFO] api_client: 登录成功: user_id=250887591, children=2
2026-05-27 08:35:42,817 [INFO] __main__: 登录成功，共 2 个宝宝
2026-05-27 08:35:42,951 [INFO] api_client: 请求摄像头列表: school_id=203215745, url=https://hxg.api.myenglish.com.cn/api/v4/Video/GetVideoCameraListByZhsSchoolId
2026-05-27 08:35:43,497 [WARNING] ui_main: 摄像头加载失败: object of type 'NoneType' has no len()
2026-05-27 08:35:45,472 [INFO] api_client: 请求摄像头列表: school_id=203152785, url=https://hxg.api.myenglish.com.cn/api/v4/Video/GetVideoCameraListByZhsSchoolId
2026-05-27 08:35:46,048 [INFO] api_client: 摄像头API响应: Code=0, Data长度=32
2026-05-27 08:35:49,105 [INFO] api_client: 获取流地址: 视频11@DS-7832N-R2(B)(K38932817) -> https://open.ys7.com/v3/openlive/K38932817_11_1.m3u8?expire=...
2026-05-27 08:35:49,817 [INFO] api_client: 获取流地址: 视频19@DS-7832N-R2(B)(K38932817) -> https://open.ys7.com/v3/openlive/K38932817_19_1.m3u8?expire=...
2026-05-27 08:35:50,419 [INFO] api_client: 获取流地址: 视频22@DS-7832N-R2(B)(K38932817) -> https://open.ys7.com/v3/openlive/K38932817_22_1.m3u8?expire=...
2026-05-27 08:35:51,302 [INFO] api_client: 获取流地址: 视频27@DS-7832N-R2(B)(K38932817) -> https://open.ys7.com/v3/openlive/K38932817_27_1.m3u8?expire=...
2026-05-27 08:35:51,965 [INFO] api_client: 获取流地址: 视频29@DS-7832N-R2(B)(K38932817) -> https://open.ys7.com/v3/openlive/K38932817_29_1.m3u8?expire=...
2026-05-27 08:35:52,595 [INFO] api_client: 获取流地址: 视频30@DS-7832N-R2(B)(K38932817) -> https://open.ys7.com/v3/openlive/K38932817_30_1.m3u8?expire=...
2026-05-27 08:35:52,675 [INFO] video_widget: mpv WID: 0x1e0968, URL: https://open.ys7.com/v3/openlive/K38932817_11_1.m3u8?expire=
2026-05-27 08:35:53,008 [INFO] video_widget: 开始播放: 视频11@DS-7832N-R2(B)(K38932817) (https://open.ys7.com/v3/openlive/K38932817_11_1.m3u8?expire=)
2026-05-27 08:35:53,026 [INFO] video_widget: mpv WID: 0x702f0, URL: https://open.ys7.com/v3/openlive/K38932817_19_1.m3u8?expire=
2026-05-27 08:35:53,033 [INFO] video_widget: 开始播放: 视频19@DS-7832N-R2(B)(K38932817) (https://open.ys7.com/v3/openlive/K38932817_19_1.m3u8?expire=)
2026-05-27 08:35:53,048 [INFO] video_widget: mpv WID: 0xa08ac, URL: https://open.ys7.com/v3/openlive/K38932817_22_1.m3u8?expire=
2026-05-27 08:35:53,056 [INFO] video_widget: 开始播放: 视频22@DS-7832N-R2(B)(K38932817) (https://open.ys7.com/v3/openlive/K38932817_22_1.m3u8?expire=)
2026-05-27 08:35:53,071 [INFO] video_widget: mpv WID: 0xd08a2, URL: https://open.ys7.com/v3/openlive/K38932817_27_1.m3u8?expire=
2026-05-27 08:35:53,082 [INFO] video_widget: 开始播放: 视频27@DS-7832N-R2(B)(K38932817) (https://open.ys7.com/v3/openlive/K38932817_27_1.m3u8?expire=)
2026-05-27 08:35:53,099 [INFO] video_widget: mpv WID: 0x80a1a, URL: https://open.ys7.com/v3/openlive/K38932817_29_1.m3u8?expire=
2026-05-27 08:35:53,109 [INFO] video_widget: 开始播放: 视频29@DS-7832N-R2(B)(K38932817) (https://open.ys7.com/v3/openlive/K38932817_29_1.m3u8?expire=)
2026-05-27 08:35:53,127 [INFO] video_widget: mpv WID: 0xd09f8, URL: https://open.ys7.com/v3/openlive/K38932817_30_1.m3u8?expire=
2026-05-27 08:35:53,137 [INFO] video_widget: 开始播放: 视频30@DS-7832N-R2(B)(K38932817) (https://open.ys7.com/v3/openlive/K38932817_30_1.m3u8?expire=)
2026-05-27 08:38:42,878 [INFO] ui_main: 权限保活心跳: 6 个摄像头
2026-05-27 08:45:33,011 [INFO] api_client: 获取appkey成功
2026-05-27 08:45:33,604 [INFO] api_client: 登录成功: user_id=250887591, children=2
2026-05-27 08:45:33,610 [INFO] __main__: 登录成功，共 2 个宝宝
2026-05-27 08:45:33,744 [INFO] api_client: 请求摄像头列表: school_id=203215745, url=https://hxg.api.myenglish.com.cn/api/v4/Video/GetVideoCameraListByZhsSchoolId
2026-05-27 08:45:34,384 [WARNING] ui_main: 摄像头加载失败: object of type 'NoneType' has no len()
2026-05-27 08:45:35,643 [INFO] api_client: 请求摄像头列表: school_id=203152785, url=https://hxg.api.myenglish.com.cn/api/v4/Video/GetVideoCameraListByZhsSchoolId
2026-05-27 08:45:36,789 [INFO] api_client: 摄像头API响应: Code=0, Data长度=32
2026-05-27 08:45:38,988 [INFO] ui_main: 并发获取流地址: 视频30@DS-7832N-R2(B)(K38932817) -> https://open.ys7.com/v3/openlive/K38932817_30_1.m3u8?expire=...
2026-05-27 08:45:39,017 [INFO] ui_main: 并发获取流地址: 视频19@DS-7832N-R2(B)(K38932817) -> https://open.ys7.com/v3/openlive/K38932817_19_1.m3u8?expire=...
2026-05-27 08:45:39,018 [INFO] ui_main: 并发获取流地址: 视频11@DS-7832N-R2(B)(K38932817) -> https://open.ys7.com/v3/openlive/K38932817_11_1.m3u8?expire=...
2026-05-27 08:45:39,047 [INFO] ui_main: 并发获取流地址: 视频29@DS-7832N-R2(B)(K38932817) -> https://open.ys7.com/v3/openlive/K38932817_29_1.m3u8?expire=...
2026-05-27 08:45:39,048 [INFO] ui_main: 并发获取流地址: 视频27@DS-7832N-R2(B)(K38932817) -> https://open.ys7.com/v3/openlive/K38932817_27_1.m3u8?expire=...
2026-05-27 08:45:39,053 [INFO] ui_main: 并发获取流地址: 视频22@DS-7832N-R2(B)(K38932817) -> https://open.ys7.com/v3/openlive/K38932817_22_1.m3u8?expire=...
2026-05-27 08:45:39,128 [INFO] video_widget: mpv WID: 0x1007bc, URL: https://open.ys7.com/v3/openlive/K38932817_11_1.m3u8?expire=
2026-05-27 08:45:39,136 [INFO] video_widget: 开始播放: 视频11@DS-7832N-R2(B)(K38932817) (https://open.ys7.com/v3/openlive/K38932817_11_1.m3u8?expire=)
2026-05-27 08:45:39,152 [INFO] video_widget: mpv WID: 0xe08a2, URL: https://open.ys7.com/v3/openlive/K38932817_19_1.m3u8?expire=
2026-05-27 08:45:39,160 [INFO] video_widget: 开始播放: 视频19@DS-7832N-R2(B)(K38932817) (https://open.ys7.com/v3/openlive/K38932817_19_1.m3u8?expire=)
2026-05-27 08:45:39,173 [INFO] video_widget: mpv WID: 0x509d6, URL: https://open.ys7.com/v3/openlive/K38932817_22_1.m3u8?expire=
2026-05-27 08:45:39,182 [INFO] video_widget: 开始播放: 视频22@DS-7832N-R2(B)(K38932817) (https://open.ys7.com/v3/openlive/K38932817_22_1.m3u8?expire=)
2026-05-27 08:45:39,199 [INFO] video_widget: mpv WID: 0x802f0, URL: https://open.ys7.com/v3/openlive/K38932817_27_1.m3u8?expire=
2026-05-27 08:45:39,209 [INFO] video_widget: 开始播放: 视频27@DS-7832N-R2(B)(K38932817) (https://open.ys7.com/v3/openlive/K38932817_27_1.m3u8?expire=)
2026-05-27 08:45:39,225 [INFO] video_widget: mpv WID: 0x1608a0, URL: https://open.ys7.com/v3/openlive/K38932817_29_1.m3u8?expire=
2026-05-27 08:45:39,233 [INFO] video_widget: 开始播放: 视频29@DS-7832N-R2(B)(K38932817) (https://open.ys7.com/v3/openlive/K38932817_29_1.m3u8?expire=)
2026-05-27 08:45:39,251 [INFO] video_widget: mpv WID: 0xd08b0, URL: https://open.ys7.com/v3/openlive/K38932817_30_1.m3u8?expire=
2026-05-27 08:45:39,261 [INFO] video_widget: 开始播放: 视频30@DS-7832N-R2(B)(K38932817) (https://open.ys7.com/v3/openlive/K38932817_30_1.m3u8?expire=)
2026-05-27 08:45:48,132 [WARNING] video_widget: mpv 进程退出: 视频11@DS-7832N-R2(B)(K38932817) (code=2)
2026-05-27 08:45:48,133 [INFO] video_widget: 自动重连 1/3: 视频11@DS-7832N-R2(B)(K38932817)
2026-05-27 08:45:48,225 [WARNING] video_widget: mpv 进程退出: 视频27@DS-7832N-R2(B)(K38932817) (code=2)
2026-05-27 08:45:48,226 [INFO] video_widget: 自动重连 1/3: 视频27@DS-7832N-R2(B)(K38932817)
2026-05-27 08:45:49,135 [INFO] video_widget: mpv WID: 0x1007bc, URL: https://open.ys7.com/v3/openlive/K38932817_11_1.m3u8?expire=
2026-05-27 08:45:49,142 [INFO] video_widget: 开始播放: 视频11@DS-7832N-R2(B)(K38932817) (https://open.ys7.com/v3/openlive/K38932817_11_1.m3u8?expire=)
2026-05-27 08:45:49,228 [INFO] video_widget: mpv WID: 0x802f0, URL: https://open.ys7.com/v3/openlive/K38932817_27_1.m3u8?expire=
2026-05-27 08:45:49,235 [INFO] video_widget: 开始播放: 视频27@DS-7832N-R2(B)(K38932817) (https://open.ys7.com/v3/openlive/K38932817_27_1.m3u8?expire=)
2026-05-27 08:55:19,439 [INFO] api_client: 获取appkey成功
2026-05-27 08:55:20,182 [INFO] api_client: 登录成功: user_id=250887591, children=2
2026-05-27 08:55:20,188 [INFO] __main__: 登录成功，共 2 个宝宝
2026-05-27 08:55:20,326 [INFO] api_client: 请求摄像头列表: school_id=203215745, url=https://hxg.api.myenglish.com.cn/api/v4/Video/GetVideoCameraListByZhsSchoolId
2026-05-27 08:55:20,978 [WARNING] ui_main: 摄像头加载失败: object of type 'NoneType' has no len()
2026-05-27 08:55:21,787 [INFO] api_client: 请求摄像头列表: school_id=203152785, url=https://hxg.api.myenglish.com.cn/api/v4/Video/GetVideoCameraListByZhsSchoolId
2026-05-27 08:55:22,567 [INFO] api_client: 摄像头API响应: Code=0, Data长度=32
2026-05-27 08:55:24,546 [INFO] ui_main: 并发获取流地址: 视频29@DS-7832N-R2(B)(K38932817) -> https://open.ys7.com/v3/openlive/K38932817_29_1.m3u8?expire=...
2026-05-27 08:55:24,564 [INFO] ui_main: 并发获取流地址: 视频22@DS-7832N-R2(B)(K38932817) -> https://open.ys7.com/v3/openlive/K38932817_22_1.m3u8?expire=...
2026-05-27 08:55:24,571 [INFO] ui_main: 并发获取流地址: 视频11@DS-7832N-R2(B)(K38932817) -> https://open.ys7.com/v3/openlive/K38932817_11_1.m3u8?expire=...
2026-05-27 08:55:24,578 [INFO] ui_main: 并发获取流地址: 视频30@DS-7832N-R2(B)(K38932817) -> https://open.ys7.com/v3/openlive/K38932817_30_1.m3u8?expire=...
2026-05-27 08:55:24,587 [INFO] ui_main: 并发获取流地址: 视频19@DS-7832N-R2(B)(K38932817) -> https://open.ys7.com/v3/openlive/K38932817_19_1.m3u8?expire=...
2026-05-27 08:55:24,591 [INFO] ui_main: 并发获取流地址: 视频27@DS-7832N-R2(B)(K38932817) -> https://open.ys7.com/v3/openlive/K38932817_27_1.m3u8?expire=...
2026-05-27 08:55:24,669 [INFO] video_widget: mpv WID: 0xb0a2e, URL: https://open.ys7.com/v3/openlive/K38932817_11_1.m3u8?expire=
2026-05-27 08:55:24,678 [INFO] video_widget: 开始播放: 视频11@DS-7832N-R2(B)(K38932817) (https://open.ys7.com/v3/openlive/K38932817_11_1.m3u8?expire=)
2026-05-27 08:55:24,696 [INFO] video_widget: mpv WID: 0x709d6, URL: https://open.ys7.com/v3/openlive/K38932817_19_1.m3u8?expire=
2026-05-27 08:55:24,703 [INFO] video_widget: 开始播放: 视频19@DS-7832N-R2(B)(K38932817) (https://open.ys7.com/v3/openlive/K38932817_19_1.m3u8?expire=)
2026-05-27 08:55:24,718 [INFO] video_widget: mpv WID: 0xe06e4, URL: https://open.ys7.com/v3/openlive/K38932817_22_1.m3u8?expire=
2026-05-27 08:55:24,728 [INFO] video_widget: 开始播放: 视频22@DS-7832N-R2(B)(K38932817) (https://open.ys7.com/v3/openlive/K38932817_22_1.m3u8?expire=)
2026-05-27 08:55:24,748 [INFO] video_widget: mpv WID: 0x1f02ee, URL: https://open.ys7.com/v3/openlive/K38932817_27_1.m3u8?expire=
2026-05-27 08:55:24,756 [INFO] video_widget: 开始播放: 视频27@DS-7832N-R2(B)(K38932817) (https://open.ys7.com/v3/openlive/K38932817_27_1.m3u8?expire=)
2026-05-27 08:55:24,775 [INFO] video_widget: mpv WID: 0x130726, URL: https://open.ys7.com/v3/openlive/K38932817_29_1.m3u8?expire=
2026-05-27 08:55:24,785 [INFO] video_widget: 开始播放: 视频29@DS-7832N-R2(B)(K38932817) (https://open.ys7.com/v3/openlive/K38932817_29_1.m3u8?expire=)
2026-05-27 08:55:24,804 [INFO] video_widget: mpv WID: 0x160730, URL: https://open.ys7.com/v3/openlive/K38932817_30_1.m3u8?expire=
2026-05-27 08:55:24,814 [INFO] video_widget: 开始播放: 视频30@DS-7832N-R2(B)(K38932817) (https://open.ys7.com/v3/openlive/K38932817_30_1.m3u8?expire=)
2026-05-27 08:55:33,769 [WARNING] video_widget: mpv 进程退出: 视频27@DS-7832N-R2(B)(K38932817) (code=2)
2026-05-27 08:55:33,770 [INFO] video_widget: 自动重连 1/3: 视频27@DS-7832N-R2(B)(K38932817)
2026-05-27 08:55:34,771 [INFO] video_widget: mpv WID: 0x1f02ee, URL: https://open.ys7.com/v3/openlive/K38932817_27_1.m3u8?expire=
2026-05-27 08:55:34,777 [INFO] video_widget: 开始播放: 视频27@DS-7832N-R2(B)(K38932817) (https://open.ys7.com/v3/openlive/K38932817_27_1.m3u8?expire=)
2026-05-27 08:57:13,639 [INFO] video_widget: 开始录像: D:\SOFT\AI\github\tree\baby_monitor\recordings\REC_20260527_085713_dsqv.ts
2026-05-27 08:58:14,286 [INFO] ui_main: 播放录像: D:\SOFT\AI\github\tree\baby_monitor\recordings\REC_20260527_082841_70tq.mp4
2026-05-27 08:58:20,226 [INFO] ui_main: 权限保活心跳: 6 个摄像头
2026-05-27 08:58:40,538 [INFO] ui_main: 录像保存: 视频27@DS-7832N-R2(B)(K38932817) -> D:\SOFT\AI\github\tree\baby_monitor\recordings\REC_20260527_085713_dsqv.ts
2026-05-27 08:58:40,540 [INFO] video_widget: 停止录像: D:\SOFT\AI\github\tree\baby_monitor\recordings\REC_20260527_085713_dsqv.ts
2026-05-27 09:07:14,888 [INFO] api_client: 获取appkey成功
2026-05-27 09:07:15,516 [INFO] api_client: 登录成功: user_id=250887591, children=2
2026-05-27 09:07:15,522 [INFO] __main__: 登录成功，共 2 个宝宝
2026-05-27 09:07:15,665 [INFO] api_client: 请求摄像头列表: school_id=203215745, url=https://hxg.api.myenglish.com.cn/api/v4/Video/GetVideoCameraListByZhsSchoolId
2026-05-27 09:07:16,225 [WARNING] ui_main: 摄像头加载失败: object of type 'NoneType' has no len()
2026-05-27 09:25:53,227 [INFO] api_client: 获取appkey成功
2026-05-27 09:25:57,015 [INFO] api_client: 登录成功: user_id=250887591, children=2
2026-05-27 09:25:57,023 [INFO] __main__: 登录成功，共 2 个宝宝
2026-05-27 09:25:57,164 [INFO] api_client: 请求摄像头列表: school_id=203215745, url=https://hxg.api.myenglish.com.cn/api/v4/Video/GetVideoCameraListByZhsSchoolId
2026-05-27 09:25:58,048 [INFO] api_client: 摄像头API响应: Code=1, Data长度=0
2026-05-27 09:25:58,049 [WARNING] api_client: 摄像头列表为空，响应: {'Code': 1, 'Data': None, 'Msg': '没有查询到设备信息，请联系客服确认该园是否已开通！'}
2026-05-27 09:26:00,947 [INFO] api_client: 请求摄像头列表: school_id=203152785, url=https://hxg.api.myenglish.com.cn/api/v4/Video/GetVideoCameraListByZhsSchoolId
2026-05-27 09:26:01,973 [INFO] api_client: 摄像头API响应: Code=0, Data长度=32
2026-05-27 09:26:03,898 [INFO] ui_main: 并发获取流地址: 视频19@DS-7832N-R2(B)(K38932817) -> https://open.ys7.com/v3/openlive/K38932817_19_1.m3u8?expire=...
2026-05-27 09:26:03,920 [INFO] ui_main: 并发获取流地址: 视频30@DS-7832N-R2(B)(K38932817) -> https://open.ys7.com/v3/openlive/K38932817_30_1.m3u8?expire=...
2026-05-27 09:26:03,920 [INFO] ui_main: 并发获取流地址: 视频22@DS-7832N-R2(B)(K38932817) -> https://open.ys7.com/v3/openlive/K38932817_22_1.m3u8?expire=...
2026-05-27 09:26:03,941 [INFO] ui_main: 并发获取流地址: 视频29@DS-7832N-R2(B)(K38932817) -> https://open.ys7.com/v3/openlive/K38932817_29_1.m3u8?expire=...
2026-05-27 09:26:04,036 [INFO] ui_main: 并发获取流地址: 视频11@DS-7832N-R2(B)(K38932817) -> https://open.ys7.com/v3/openlive/K38932817_11_1.m3u8?expire=...
2026-05-27 09:26:04,121 [INFO] ui_main: 并发获取流地址: 视频27@DS-7832N-R2(B)(K38932817) -> https://open.ys7.com/v3/openlive/K38932817_27_1.m3u8?expire=...
2026-05-27 09:26:04,155 [INFO] video_widget: mpv WID: 0xe0b5a, URL: https://open.ys7.com/v3/openlive/K38932817_11_1.m3u8?expire=
2026-05-27 09:26:04,164 [INFO] video_widget: 开始播放: 视频11@DS-7832N-R2(B)(K38932817) (https://open.ys7.com/v3/openlive/K38932817_11_1.m3u8?expire=)
2026-05-27 09:26:04,183 [INFO] video_widget: mpv WID: 0xe0a30, URL: https://open.ys7.com/v3/openlive/K38932817_19_1.m3u8?expire=
2026-05-27 09:26:04,190 [INFO] video_widget: 开始播放: 视频19@DS-7832N-R2(B)(K38932817) (https://open.ys7.com/v3/openlive/K38932817_19_1.m3u8?expire=)
2026-05-27 09:26:04,206 [INFO] video_widget: mpv WID: 0x1d0868, URL: https://open.ys7.com/v3/openlive/K38932817_22_1.m3u8?expire=
2026-05-27 09:26:04,215 [INFO] video_widget: 开始播放: 视频22@DS-7832N-R2(B)(K38932817) (https://open.ys7.com/v3/openlive/K38932817_22_1.m3u8?expire=)
2026-05-27 09:26:04,232 [INFO] video_widget: mpv WID: 0x100a3a, URL: https://open.ys7.com/v3/openlive/K38932817_27_1.m3u8?expire=
2026-05-27 09:26:04,241 [INFO] video_widget: 开始播放: 视频27@DS-7832N-R2(B)(K38932817) (https://open.ys7.com/v3/openlive/K38932817_27_1.m3u8?expire=)
2026-05-27 09:26:04,257 [INFO] video_widget: mpv WID: 0x6408b6, URL: https://open.ys7.com/v3/openlive/K38932817_29_1.m3u8?expire=
2026-05-27 09:26:04,267 [INFO] video_widget: 开始播放: 视频29@DS-7832N-R2(B)(K38932817) (https://open.ys7.com/v3/openlive/K38932817_29_1.m3u8?expire=)
2026-05-27 09:26:04,287 [INFO] video_widget: mpv WID: 0xc0aaa, URL: https://open.ys7.com/v3/openlive/K38932817_30_1.m3u8?expire=
2026-05-27 09:26:04,296 [INFO] video_widget: 开始播放: 视频30@DS-7832N-R2(B)(K38932817) (https://open.ys7.com/v3/openlive/K38932817_30_1.m3u8?expire=)
2026-05-27 09:26:13,256 [WARNING] video_widget: mpv 进程退出: 视频27@DS-7832N-R2(B)(K38932817) (code=2)
2026-05-27 09:26:13,257 [INFO] video_widget: 自动重连 1/3: 视频27@DS-7832N-R2(B)(K38932817)
2026-05-27 09:26:14,259 [INFO] video_widget: mpv WID: 0x100a3a, URL: https://open.ys7.com/v3/openlive/K38932817_27_1.m3u8?expire=
2026-05-27 09:26:14,265 [INFO] video_widget: 开始播放: 视频27@DS-7832N-R2(B)(K38932817) (https://open.ys7.com/v3/openlive/K38932817_27_1.m3u8?expire=)
2026-05-27 09:26:15,714 [INFO] ui_main: 保存设置并刷新录像列表
2026-05-27 09:26:32,108 [INFO] video_widget: 开始录像: recordings\REC_20260527_092631_lov2.ts, 分段时长: 6 分钟
2026-05-27 09:28:18,906 [INFO] video_widget: 截图保存: D:\SOFT\AI\github\tree\baby_monitor\rec\SNAP_20260527_092816_v3kx.jpg
2026-05-27 09:28:57,059 [INFO] ui_main: 权限保活心跳: 6 个摄像头
2026-05-27 09:31:57,078 [INFO] ui_main: 权限保活心跳: 6 个摄像头
2026-05-27 09:32:32,783 [INFO] ui_main: 录像保存: 视频27@DS-7832N-R2(B)(K38932817) -> recordings\REC_20260527_092631_lov2.ts
2026-05-27 09:32:32,784 [INFO] video_widget: 自动分段保存: recordings\REC_20260527_092631_lov2.ts
2026-05-27 09:32:32,793 [INFO] video_widget: 自动分段开始新录像: recordings\REC_20260527_093232_5s15.ts, 分段时长: 6 分钟
